Archive member included because of file (symbol)

build/waf.bootloader-NoOS-ISM43341_M4G_L44/libraries/App_WICED_Bootloader_ISM43341_M4G_L44.a(bootloader.o)
                              build/waf.bootloader-NoOS-ISM43341_M4G_L44/Modules/./WICED/platform/MCU/STM32F4xx/../../ARM_CM4/crt0_GCC.o (main)
build/waf.bootloader-NoOS-ISM43341_M4G_L44/libraries/Platform_ISM43341.a(platform.o)
                              build/waf.bootloader-NoOS-ISM43341_M4G_L44/Modules/./WICED/platform/MCU/STM32F4xx/../../ARM_CM4/crt0_GCC.o (platform_init_external_devices)
build/waf.bootloader-NoOS-ISM43341_M4G_L44/libraries/WWD_NoOS_Interface.a(wwd_rtos.o)
                              build/waf.bootloader-NoOS-ISM43341_M4G_L44/libraries/Platform_ISM43341.a(platform.o) (host_rtos_delay_milliseconds)
build/waf.bootloader-NoOS-ISM43341_M4G_L44/libraries/WWD_NoOS_Interface.a(noos.o)
                              build/waf.bootloader-NoOS-ISM43341_M4G_L44/libraries/App_WICED_Bootloader_ISM43341_M4G_L44.a(bootloader.o) (NoOS_setup_timing)
build/waf.bootloader-NoOS-ISM43341_M4G_L44/libraries/STM32F4xx.a(platform_stdio.o)
                              build/waf.bootloader-NoOS-ISM43341_M4G_L44/Modules/WICED/platform/GCC/stdio_newlib.o (platform_stdio_write)
build/waf.bootloader-NoOS-ISM43341_M4G_L44/libraries/STM32F4xx.a(wiced_waf_common.o)
                              build/waf.bootloader-NoOS-ISM43341_M4G_L44/libraries/App_WICED_Bootloader_ISM43341_M4G_L44.a(bootloader.o) (wiced_waf_app_set_boot)
build/waf.bootloader-NoOS-ISM43341_M4G_L44/libraries/STM32F4xx.a(wiced_dct_internal_common.o)
                              build/waf.bootloader-NoOS-ISM43341_M4G_L44/libraries/App_WICED_Bootloader_ISM43341_M4G_L44.a(bootloader.o) (wiced_dct_read_with_copy)
build/waf.bootloader-NoOS-ISM43341_M4G_L44/libraries/STM32F4xx.a(platform_init.o)
                              build/waf.bootloader-NoOS-ISM43341_M4G_L44/libraries/STM32F4xx.a(wiced_waf_common.o) (platform_mcu_reset)
build/waf.bootloader-NoOS-ISM43341_M4G_L44/libraries/STM32F4xx.a(platform_unhandled_isr.o)
                              build/waf.bootloader-NoOS-ISM43341_M4G_L44/Modules/./WICED/platform/MCU/STM32F4xx/platform_vector_table.o (UnhandledInterrupt)
build/waf.bootloader-NoOS-ISM43341_M4G_L44/libraries/STM32F4xx.a(waf_platform.o)
                              build/waf.bootloader-NoOS-ISM43341_M4G_L44/libraries/STM32F4xx.a(wiced_waf_common.o) (platform_start_app)
build/waf.bootloader-NoOS-ISM43341_M4G_L44/libraries/STM32F4xx.a(wwd_platform_separate_mcu.o)
                              build/waf.bootloader-NoOS-ISM43341_M4G_L44/libraries/STM32F4xx.a(platform_init.o) (host_platform_init)
build/waf.bootloader-NoOS-ISM43341_M4G_L44/libraries/STM32F4xx.a(wiced_apps_common.o)
                              build/waf.bootloader-NoOS-ISM43341_M4G_L44/libraries/STM32F4xx.a(wiced_waf_common.o) (wiced_apps_get_size)
build/waf.bootloader-NoOS-ISM43341_M4G_L44/libraries/STM32F4xx_Peripheral_Drivers.a(platform_gpio.o)
                              build/waf.bootloader-NoOS-ISM43341_M4G_L44/libraries/Platform_ISM43341.a(platform.o) (platform_gpio_output_high)
build/waf.bootloader-NoOS-ISM43341_M4G_L44/libraries/STM32F4xx_Peripheral_Drivers.a(platform_mcu_powersave.o)
                              build/waf.bootloader-NoOS-ISM43341_M4G_L44/libraries/STM32F4xx_Peripheral_Drivers.a(platform_gpio.o) (platform_mcu_powersave_disable)
build/waf.bootloader-NoOS-ISM43341_M4G_L44/libraries/STM32F4xx_Peripheral_Drivers.a(platform_uart.o)
                              build/waf.bootloader-NoOS-ISM43341_M4G_L44/libraries/Platform_ISM43341.a(platform.o) (platform_uart_irq)
build/waf.bootloader-NoOS-ISM43341_M4G_L44/libraries/STM32F4xx_Peripheral_Drivers.a(platform_watchdog.o)
                              build/waf.bootloader-NoOS-ISM43341_M4G_L44/libraries/STM32F4xx.a(platform_init.o) (platform_watchdog_init)
build/waf.bootloader-NoOS-ISM43341_M4G_L44/libraries/Lib_Ring_Buffer.a(ring_buffer.o)
                              build/waf.bootloader-NoOS-ISM43341_M4G_L44/libraries/STM32F4xx_Peripheral_Drivers.a(platform_uart.o) (ring_buffer_get_data)
build/waf.bootloader-NoOS-ISM43341_M4G_L44/libraries/STM32F4xx_Peripheral_Libraries.a(misc.o)
                              build/waf.bootloader-NoOS-ISM43341_M4G_L44/libraries/STM32F4xx.a(platform_init.o) (NVIC_PriorityGroupConfig)
build/waf.bootloader-NoOS-ISM43341_M4G_L44/libraries/STM32F4xx_Peripheral_Libraries.a(stm32f4xx_dma.o)
                              build/waf.bootloader-NoOS-ISM43341_M4G_L44/libraries/STM32F4xx_Peripheral_Drivers.a(platform_uart.o) (DMA_DeInit)
build/waf.bootloader-NoOS-ISM43341_M4G_L44/libraries/STM32F4xx_Peripheral_Libraries.a(stm32f4xx_exti.o)
                              build/waf.bootloader-NoOS-ISM43341_M4G_L44/libraries/STM32F4xx_Peripheral_Drivers.a(platform_gpio.o) (EXTI_Init)
build/waf.bootloader-NoOS-ISM43341_M4G_L44/libraries/STM32F4xx_Peripheral_Libraries.a(stm32f4xx_flash.o)
[...]
Memory Configuration

Name             Origin             Length             Attributes
BTLDR_VECTORS    0x0000000008000000 0x0000000000000200 xr
SHARED_API       0x0000000008000200 0x0000000000000200 xr
BTLDR_CODE       0x0000000008000400 0x0000000000003c00 xr
DCT1_FLASH       0x0000000008004000 0x0000000000004000 xr
DCT2_FLASH       0x0000000008008000 0x0000000000004000 xr
APP_CODE         0x000000000800c000 0x00000000000f4000 xr
SRAM             0x0000000020000000 0x0000000000020000 xrw
BTLDR_SRAM       0x000000002001e000 0x0000000000002000 xrw
CCM_SRAM         0x0000000010000000 0x0000000000010000 xrw
*default*        0x0000000000000000 0xffffffffffffffff

Linker script and memory map

                0x00000000080005b4                reset_handler = _start

.vectors        0x0000000008000000      0x184
                0x0000000008000000                link_interrupt_vectors_location = .
 *(*.interrupt_vector_table)
 .data.interrupt_vector_table
                0x0000000008000000      0x184 build/waf.bootloader-NoOS-ISM43341_M4G_L44/Modules/./WICED/platform/MCU/STM32F4xx/platform_vector_table.o
                0x0000000008000000                interrupt_vector_table

.shared_api     0x0000000008000200        0x0
                0x0000000008000200                shared_api_location = .
 *(.rodata.shared_waf_api_val)

.text           0x0000000008000400     0x2800
                0x0000000008000400                link_code_location = .
 *(.text.irq)
 .text.irq      0x0000000008000400       0xb4 build/waf.bootloader-NoOS-ISM43341_M4G_L44/libraries/Platform_ISM43341.a(platform.o)
                0x0000000008000400                USART1_irq
                0x0000000008000400                usart1_irq
                0x000000000800041c                usart1_tx_dma_irq
                0x000000000800041c                DMA2_Stream7_irq
                0x0000000008000438                DMA2_Stream2_irq
                0x0000000008000438                usart1_rx_dma_irq
                0x0000000008000454                bt_uart_irq
                0x0000000008000454                USART3_irq
                0x0000000008000474                DMA1_Stream4_irq
                0x0000000008000474                bt_uart_tx_dma_irq
                0x0000000008000494                bt_uart_rx_dma_irq
                0x0000000008000494                DMA1_Stream1_irq
 .text.irq      0x00000000080004b4       0x20 build/waf.bootloader-NoOS-ISM43341_M4G_L44/libraries/WWD_NoOS_Interface.a(noos.o)
                0x00000000080004b4                NoOS_systick_irq
 .text.irq      0x00000000080004d4       0x18 build/waf.bootloader-NoOS-ISM43341_M4G_L44/libraries/STM32F4xx.a(platform_unhandled_isr.o)
                0x00000000080004d4                TIM3_irq
                0x00000000080004d4                BusFaultException
                0x00000000080004d4                OTG_HS_EP1_OUT_irq
                0x00000000080004d4                CAN2_RX0_irq
                0x00000000080004d4                UART5_irq
                0x00000000080004d4                DMA1_Stream3_irq
                0x00000000080004d4                SPI2_irq
                0x00000000080004d4                FSMC_irq
                0x00000000080004d4                DebugMonitor
                0x00000000080004d4                TIM1_UP_TIM10_irq
                0x00000000080004d4                TIM4_irq
                0x00000000080004d4                CAN1_TX_irq
                0x00000000080004d4                HardFaultException
                0x00000000080004d4                TIM2_irq
                0x00000000080004d4                SPI1_irq
                0x00000000080004d4                ETH_WKUP_irq
                0x00000000080004d4                TAMP_STAMP_irq
                0x00000000080004d4                DMA1_Stream6_irq
                0x00000000080004d4                ADC_irq
                0x00000000080004d4                TIM8_UP_TIM13_irq
                0x00000000080004d4                ETH_irq
                0x00000000080004d4                UnhandledInterrupt
                0x00000000080004d4                DMA1_Stream2_irq
                0x00000000080004d4                RTC_Alarm_irq
                0x00000000080004d4                TIM8_CC_irq
                0x00000000080004d4                DMA2_Stream4_irq
                0x00000000080004d4                I2C1_ER_irq
                0x00000000080004d4                DMA1_Stream0_irq
                0x00000000080004d4                NMIException
                0x00000000080004d4                DMA2_Stream0_irq
                0x00000000080004d4                USART6_irq
                0x00000000080004d4                OTG_FS_WKUP_irq
                0x00000000080004d4                DMA2_Stream6_irq
                0x00000000080004d4                I2C1_EV_irq
                0x00000000080004d4                CAN2_TX_irq
                0x00000000080004d4                WWDG_irq
                0x00000000080004d4                DMA2_Stream5_irq
                0x00000000080004d4                SPI3_irq
                0x00000000080004d4                PVD_irq
                0x00000000080004d4                DMA2_Stream3_irq
                0x00000000080004d4                TIM8_TRG_COM_TIM14_irq
                0x00000000080004d4                OTG_HS_EP1_IN_irq
                0x00000000080004d4                TIM1_TRG_COM_TIM11_irq
                0x00000000080004d4                I2C2_EV_irq
                0x00000000080004d4                CRYP_irq
                0x00000000080004d4                I2C3_EV_irq
                0x00000000080004d4                DMA1_Stream7_irq
                0x00000000080004d4                HASH_RNG_irq
                0x00000000080004d4                TIM1_CC_irq
                0x00000000080004d4                TIM8_BRK_TIM12_irq
                0x00000000080004d4                CAN2_RX1_irq
                0x00000000080004d4                RTC_WKUP_irq
                0x00000000080004d4                DMA1_Stream5_irq
                0x00000000080004d4                CAN1_RX1_irq
                0x00000000080004d4                TIM6_DAC_irq
                0x00000000080004d4                CAN1_RX0_irq
                0x00000000080004d4                OTG_HS_WKUP_irq
                0x00000000080004d4                TIM1_BRK_TIM9_irq
                0x00000000080004d4                OTG_FS_irq
                0x00000000080004d4                TIM5_irq
                0x00000000080004d4                DCMI_irq
                0x00000000080004d4                UART4_irq
                0x00000000080004d4                CAN1_SCE_irq
                0x00000000080004d4                UsageFaultException
                0x00000000080004d4                SDIO_irq
                0x00000000080004d4                DMA2_Stream1_irq
                0x00000000080004d4                OTG_HS_irq
                0x00000000080004d4                CAN2_SCE_irq
                0x00000000080004d4                I2C3_ER_irq
                0x00000000080004d4                USART2_irq
                0x00000000080004d4                RCC_irq
                0x00000000080004d4                FLASH_irq
                0x00000000080004d4                I2C2_ER_irq
                0x00000000080004d4                MemManageException
 .text.irq      0x00000000080004ec       0xa8 build/waf.bootloader-NoOS-ISM43341_M4G_L44/libraries/STM32F4xx_Peripheral_Drivers.a(platform_gpio.o)
                0x00000000080004ec                EXTI2_irq
                0x00000000080004ec                EXTI4_irq
                0x00000000080004ec                EXTI1_irq
                0x00000000080004ec                EXTI0_irq
                0x00000000080004ec                EXTI15_10_irq
                0x00000000080004ec                gpio_irq
                0x00000000080004ec                EXTI3_irq
                0x00000000080004ec                EXTI9_5_irq
 .text.irq      0x0000000008000594       0x20 build/waf.bootloader-NoOS-ISM43341_M4G_L44/libraries/STM32F4xx_Peripheral_Drivers.a(platform_watchdog.o)
                0x0000000008000594                dbg_watchdog_irq
                0x0000000008000594                TIM7_irq
 *(.text .text.* .gnu.linkonce.t.*)
 .text._start   0x00000000080005b4       0xcc build/waf.bootloader-NoOS-ISM43341_M4G_L44/Modules/./WICED/platform/MCU/STM32F4xx/../../ARM_CM4/crt0_GCC.o
                0x00000000080005b4                _start
 .text.startup.main
                0x0000000008000680       0x7c build/waf.bootloader-NoOS-ISM43341_M4G_L44/libraries/App_WICED_Bootloader_ISM43341_M4G_L44.a(bootloader.o)
                0x0000000008000680                main
 .text.platform_init_peripheral_irq_priorities
                0x00000000080006fc       0x68 build/waf.bootloader-NoOS-ISM43341_M4G_L44/libraries/Platform_ISM43341.a(platform.o)
                0x00000000080006fc                platform_init_peripheral_irq_priorities
 .text.platform_init_external_devices
                0x0000000008000764       0x44 build/waf.bootloader-NoOS-ISM43341_M4G_L44/libraries/Platform_ISM43341.a(platform.o)
                0x0000000008000764                platform_init_external_devices
 .text.platform_get_factory_reset_button_time
                0x00000000080007a8       0x50 build/waf.bootloader-NoOS-ISM43341_M4G_L44/libraries/Platform_ISM43341.a(platform.o)
                0x00000000080007a8                platform_get_factory_reset_button_time
 .text.host_rtos_set_semaphore
                0x00000000080007f8       0x10 build/waf.bootloader-NoOS-ISM43341_M4G_L44/libraries/WWD_NoOS_Interface.a(wwd_rtos.o)
                0x00000000080007f8                host_rtos_set_semaphore
 .text.host_rtos_delay_milliseconds
                0x0000000008000808       0x14 build/waf.bootloader-NoOS-ISM43341_M4G_L44/libraries/WWD_NoOS_Interface.a(wwd_rtos.o)
                0x0000000008000808                host_rtos_delay_milliseconds
 .text.NoOS_setup_timing
                0x000000000800081c       0x20 build/waf.bootloader-NoOS-ISM43341_M4G_L44/libraries/WWD_NoOS_Interface.a(noos.o)
                0x000000000800081c                NoOS_setup_timing
 .text.NoOS_stop_timing
                0x000000000800083c       0x1c build/waf.bootloader-NoOS-ISM43341_M4G_L44/libraries/WWD_NoOS_Interface.a(noos.o)
                0x000000000800083c                NoOS_stop_timing
 .text.platform_init_rtos_irq_priorities
                0x0000000008000858       0x20 build/waf.bootloader-NoOS-ISM43341_M4G_L44/libraries/WWD_NoOS_Interface.a(noos.o)
                0x0000000008000858                platform_init_rtos_irq_priorities
 .text.wiced_waf_app_set_boot
                0x0000000008000878       0x38 build/waf.bootloader-NoOS-ISM43341_M4G_L44/libraries/STM32F4xx.a(wiced_waf_common.o)
                0x0000000008000878                wiced_waf_app_set_boot
 .text.wiced_waf_app_load
                0x00000000080008b0       0xbe build/waf.bootloader-NoOS-ISM43341_M4G_L44/libraries/STM32F4xx.a(wiced_waf_common.o)
                0x00000000080008b0                wiced_waf_app_load
 .text.wiced_waf_start_app
                0x000000000800096e        0x4 build/waf.bootloader-NoOS-ISM43341_M4G_L44/libraries/STM32F4xx.a(wiced_waf_common.o)
                0x000000000800096e                wiced_waf_start_app
 .text.wiced_waf_check_factory_reset
                0x0000000008000972       0x18 build/waf.bootloader-NoOS-ISM43341_M4G_L44/libraries/STM32F4xx.a(wiced_waf_common.o)
                0x0000000008000972                wiced_waf_check_factory_reset
 *fill*         0x000000000800098a        0x2 
 .text.wiced_dct_erase_non_current_dct
                0x000000000800098c       0x18 build/waf.bootloader-NoOS-ISM43341_M4G_L44/libraries/STM32F4xx.a(wiced_dct_internal_common.o)
 .text.wiced_dct_generate_crc_from_flash
                0x00000000080009a4       0x60 build/waf.bootloader-NoOS-ISM43341_M4G_L44/libraries/STM32F4xx.a(wiced_dct_internal_common.o)
 .text.wiced_dct_finish_new_dct
                0x0000000008000a04       0x78 build/waf.bootloader-NoOS-ISM43341_M4G_L44/libraries/STM32F4xx.a(wiced_dct_internal_common.o)
 .text.wiced_dct_get_current_address
                0x0000000008000a7c      0x198 build/waf.bootloader-NoOS-ISM43341_M4G_L44/libraries/STM32F4xx.a(wiced_dct_internal_common.o)
                0x0000000008000a7c                wiced_dct_get_current_address
 .text.wiced_dct_start_new_dct.part.0
                0x0000000008000c14       0x8c build/waf.bootloader-NoOS-ISM43341_M4G_L44/libraries/STM32F4xx.a(wiced_dct_internal_common.o)
 .text.wiced_dct_write_app_location.part.1
                0x0000000008000ca0       0x6c build/waf.bootloader-NoOS-ISM43341_M4G_L44/libraries/STM32F4xx.a(wiced_dct_internal_common.o)
 .text.wiced_dct_read_with_copy
                0x0000000008000d0c       0x2a build/waf.bootloader-NoOS-ISM43341_M4G_L44/libraries/STM32F4xx.a(wiced_dct_internal_common.o)
                0x0000000008000d0c                wiced_dct_read_with_copy
 *fill*         0x0000000008000d36        0x2 
 .text.wiced_dct_write_boot_details
                0x0000000008000d38       0x54 build/waf.bootloader-NoOS-ISM43341_M4G_L44/libraries/STM32F4xx.a(wiced_dct_internal_common.o)
                0x0000000008000d38                wiced_dct_write_boot_details
 .text.wiced_dct_write
                0x0000000008000d8c       0xa4 build/waf.bootloader-NoOS-ISM43341_M4G_L44/libraries/STM32F4xx.a(wiced_dct_internal_common.o)
                0x0000000008000d8c                wiced_dct_write
 .text.wiced_dct_restore_factory_reset
                0x0000000008000e30       0xcc build/waf.bootloader-NoOS-ISM43341_M4G_L44/libraries/STM32F4xx.a(wiced_dct_internal_common.o)
                0x0000000008000e30                wiced_dct_restore_factory_reset
 .text.wiced_dct_get_app_header_location
                0x0000000008000efc       0x1a build/waf.bootloader-NoOS-ISM43341_M4G_L44/libraries/STM32F4xx.a(wiced_dct_internal_common.o)
                0x0000000008000efc                wiced_dct_get_app_header_location
 *fill*         0x0000000008000f16        0x2 
 .text.platform_mcu_reset
                0x0000000008000f18       0x20 build/waf.bootloader-NoOS-ISM43341_M4G_L44/libraries/STM32F4xx.a(platform_init.o)
                0x0000000008000f18                platform_mcu_reset
 .text.platform_init_system_clocks
                0x0000000008000f38       0x6a build/waf.bootloader-NoOS-ISM43341_M4G_L44/libraries/STM32F4xx.a(platform_init.o)
                0x0000000008000f38                platform_init_system_clocks
 .text.platform_init_memory
                0x0000000008000fa2        0x2 build/waf.bootloader-NoOS-ISM43341_M4G_L44/libraries/STM32F4xx.a(platform_init.o)
                0x0000000008000fa2                platform_init_memory
 .text.platform_init_mcu_infrastructure
                0x0000000008000fa4       0x34 build/waf.bootloader-NoOS-ISM43341_M4G_L44/libraries/STM32F4xx.a(platform_init.o)
                0x0000000008000fa4                platform_init_mcu_infrastructure
 .text.platform_start_app
                0x0000000008000fd8       0x34 build/waf.bootloader-NoOS-ISM43341_M4G_L44/libraries/STM32F4xx.a(waf_platform.o)
                0x0000000008000fd8                platform_start_app
 .text.platform_erase_flash
                0x000000000800100c       0x36 build/waf.bootloader-NoOS-ISM43341_M4G_L44/libraries/STM32F4xx.a(waf_platform.o)
                0x000000000800100c                platform_erase_flash
 .text.platform_write_flash_chunk
                0x0000000008001042       0x7a build/waf.bootloader-NoOS-ISM43341_M4G_L44/libraries/STM32F4xx.a(waf_platform.o)
                0x0000000008001042                platform_write_flash_chunk
 .text.platform_erase_app_area
                0x00000000080010bc       0x24 build/waf.bootloader-NoOS-ISM43341_M4G_L44/libraries/STM32F4xx.a(waf_platform.o)
                0x00000000080010bc                platform_erase_app_area
 .text.platform_load_app_chunk
                0x00000000080010e0       0x5c build/waf.bootloader-NoOS-ISM43341_M4G_L44/libraries/STM32F4xx.a(waf_platform.o)
                0x00000000080010e0                platform_load_app_chunk
 .text.wiced_apps_get_physical_address
                0x000000000800113c       0x7c build/waf.bootloader-NoOS-ISM43341_M4G_L44/libraries/STM32F4xx.a(wiced_apps_common.o)
 .text.wiced_apps_read
                0x00000000080011b8       0x84 build/waf.bootloader-NoOS-ISM43341_M4G_L44/libraries/STM32F4xx.a(wiced_apps_common.o)
                0x00000000080011b8                wiced_apps_read
 .text.platform_gpio_output_high
                0x000000000800123c       0x1c build/waf.bootloader-NoOS-ISM43341_M4G_L44/libraries/STM32F4xx_Peripheral_Drivers.a(platform_gpio.o)
                0x000000000800123c                platform_gpio_output_high
 .text.platform_gpio_output_low
                0x0000000008001258       0x1c build/waf.bootloader-NoOS-ISM43341_M4G_L44/libraries/STM32F4xx_Peripheral_Drivers.a(platform_gpio.o)
                0x0000000008001258                platform_gpio_output_low
 .text.platform_gpio_input_get
                0x0000000008001274       0x22 build/waf.bootloader-NoOS-ISM43341_M4G_L44/libraries/STM32F4xx_Peripheral_Drivers.a(platform_gpio.o)
                0x0000000008001274                platform_gpio_input_get
 *fill*         0x0000000008001296        0x2 
 .text.platform_gpio_irq_manager_init
                0x0000000008001298       0x20 build/waf.bootloader-NoOS-ISM43341_M4G_L44/libraries/STM32F4xx_Peripheral_Drivers.a(platform_gpio.o)
                0x0000000008001298                platform_gpio_irq_manager_init
 .text.platform_gpio_get_port_number
                0x00000000080012b8       0x80 build/waf.bootloader-NoOS-ISM43341_M4G_L44/libraries/STM32F4xx_Peripheral_Drivers.a(platform_gpio.o)
                0x00000000080012b8                platform_gpio_get_port_number
 .text.platform_gpio_init
                0x0000000008001338       0x74 build/waf.bootloader-NoOS-ISM43341_M4G_L44/libraries/STM32F4xx_Peripheral_Drivers.a(platform_gpio.o)
                0x0000000008001338                platform_gpio_init
 .text.platform_gpio_set_alternate_function
                0x00000000080013ac       0x68 build/waf.bootloader-NoOS-ISM43341_M4G_L44/libraries/STM32F4xx_Peripheral_Drivers.a(platform_gpio.o)
                0x00000000080013ac                platform_gpio_set_alternate_function
 .text.platform_mcu_powersave_disable
                0x0000000008001414        0x6 build/waf.bootloader-NoOS-ISM43341_M4G_L44/libraries/STM32F4xx_Peripheral_Drivers.a(platform_mcu_powersave.o)
                0x0000000008001414                platform_mcu_powersave_disable
 .text.platform_mcu_powersave_enable
                0x000000000800141a        0x6 build/waf.bootloader-NoOS-ISM43341_M4G_L44/libraries/STM32F4xx_Peripheral_Drivers.a(platform_mcu_powersave.o)
                0x000000000800141a                platform_mcu_powersave_enable
 .text.clear_dma_interrupts
                0x0000000008001420       0x4c build/waf.bootloader-NoOS-ISM43341_M4G_L44/libraries/STM32F4xx_Peripheral_Drivers.a(platform_uart.o)
 .text.get_dma_irq_status
                0x000000000800146c       0x34 build/waf.bootloader-NoOS-ISM43341_M4G_L44/libraries/STM32F4xx_Peripheral_Drivers.a(platform_uart.o)
 .text.platform_uart_irq
                0x00000000080014a0       0x38 build/waf.bootloader-NoOS-ISM43341_M4G_L44/libraries/STM32F4xx_Peripheral_Drivers.a(platform_uart.o)
                0x00000000080014a0                platform_uart_irq
 .text.platform_uart_tx_dma_irq
                0x00000000080014d8       0x4c build/waf.bootloader-NoOS-ISM43341_M4G_L44/libraries/STM32F4xx_Peripheral_Drivers.a(platform_uart.o)
                0x00000000080014d8                platform_uart_tx_dma_irq
 .text.platform_uart_rx_dma_irq
                0x0000000008001524       0x4c build/waf.bootloader-NoOS-ISM43341_M4G_L44/libraries/STM32F4xx_Peripheral_Drivers.a(platform_uart.o)
                0x0000000008001524                platform_uart_rx_dma_irq
 .text.platform_watchdog_init
                0x0000000008001570       0x9c build/waf.bootloader-NoOS-ISM43341_M4G_L44/libraries/STM32F4xx_Peripheral_Drivers.a(platform_watchdog.o)
                0x0000000008001570                platform_watchdog_init
 .text.platform_watchdog_kick
                0x000000000800160c       0x54 build/waf.bootloader-NoOS-ISM43341_M4G_L44/libraries/STM32F4xx_Peripheral_Drivers.a(platform_watchdog.o)
                0x000000000800160c                platform_watchdog_kick
 .text.ring_buffer_used_space
                0x0000000008001660       0x14 build/waf.bootloader-NoOS-ISM43341_M4G_L44/libraries/Lib_Ring_Buffer.a(ring_buffer.o)
                0x0000000008001660                ring_buffer_used_space
 .text.NVIC_PriorityGroupConfig
                0x0000000008001674       0x14 build/waf.bootloader-NoOS-ISM43341_M4G_L44/libraries/STM32F4xx_Peripheral_Libraries.a(misc.o)
                0x0000000008001674                NVIC_PriorityGroupConfig
 .text.SysTick_CLKSourceConfig
                0x0000000008001688       0x18 build/waf.bootloader-NoOS-ISM43341_M4G_L44/libraries/STM32F4xx_Peripheral_Libraries.a(misc.o)
                0x0000000008001688                SysTick_CLKSourceConfig
 .text.DMA_DeInit
                0x00000000080016a0      0x10c build/waf.bootloader-NoOS-ISM43341_M4G_L44/libraries/STM32F4xx_Peripheral_Libraries.a(stm32f4xx_dma.o)
                0x00000000080016a0                DMA_DeInit
 .text.DMA_Init
                0x00000000080017ac       0x54 build/waf.bootloader-NoOS-ISM43341_M4G_L44/libraries/STM32F4xx_Peripheral_Libraries.a(stm32f4xx_dma.o)
                0x00000000080017ac                DMA_Init
 .text.DMA_Cmd  0x0000000008001800       0x12 build/waf.bootloader-NoOS-ISM43341_M4G_L44/libraries/STM32F4xx_Peripheral_Libraries.a(stm32f4xx_dma.o)
                0x0000000008001800                DMA_Cmd
 *fill*         0x0000000008001812        0x2 
 .text.DMA_GetFlagStatus
                0x0000000008001814       0x38 build/waf.bootloader-NoOS-ISM43341_M4G_L44/libraries/STM32F4xx_Peripheral_Libraries.a(stm32f4xx_dma.o)
                0x0000000008001814                DMA_GetFlagStatus
 .text.FLASH_SetLatency
                0x000000000800184c        0xc build/waf.bootloader-NoOS-ISM43341_M4G_L44/libraries/STM32F4xx_Peripheral_Libraries.a(stm32f4xx_flash.o)
                0x000000000800184c                FLASH_SetLatency
 .text.FLASH_PrefetchBufferCmd
                0x0000000008001858       0x18 build/waf.bootloader-NoOS-ISM43341_M4G_L44/libraries/STM32F4xx_Peripheral_Libraries.a(stm32f4xx_flash.o)
                0x0000000008001858                FLASH_PrefetchBufferCmd
 .text.FLASH_Unlock
                0x0000000008001870       0x1c build/waf.bootloader-NoOS-ISM43341_M4G_L44/libraries/STM32F4xx_Peripheral_Libraries.a(stm32f4xx_flash.o)
                0x0000000008001870                FLASH_Unlock
 .text.FLASH_Lock
                0x000000000800188c       0x10 build/waf.bootloader-NoOS-ISM43341_M4G_L44/libraries/STM32F4xx_Peripheral_Libraries.a(stm32f4xx_flash.o)
                0x000000000800188c                FLASH_Lock
 .text.FLASH_ClearFlag
                0x000000000800189c        0xc build/waf.bootloader-NoOS-ISM43341_M4G_L44/libraries/STM32F4xx_Peripheral_Libraries.a(stm32f4xx_flash.o)
                0x000000000800189c                FLASH_ClearFlag
 .text.FLASH_GetStatus
                0x00000000080018a8       0x40 build/waf.bootloader-NoOS-ISM43341_M4G_L44/libraries/STM32F4xx_Peripheral_Libraries.a(stm32f4xx_flash.o)
                0x00000000080018a8                FLASH_GetStatus
 .text.FLASH_WaitForLastOperation
                0x00000000080018e8       0x22 build/waf.bootloader-NoOS-ISM43341_M4G_L44/libraries/STM32F4xx_Peripheral_Libraries.a(stm32f4xx_flash.o)
                0x00000000080018e8                FLASH_WaitForLastOperation
 *fill*         0x000000000800190a        0x2 
 .text.FLASH_EraseSector
                0x000000000800190c       0x6c build/waf.bootloader-NoOS-ISM43341_M4G_L44/libraries/STM32F4xx_Peripheral_Libraries.a(stm32f4xx_flash.o)
                0x000000000800190c                FLASH_EraseSector
 .text.FLASH_ProgramWord
                0x0000000008001978       0x3c build/waf.bootloader-NoOS-ISM43341_M4G_L44/libraries/STM32F4xx_Peripheral_Libraries.a(stm32f4xx_flash.o)
                0x0000000008001978                FLASH_ProgramWord
 .text.FLASH_ProgramByte
                0x00000000080019b4       0x38 build/waf.bootloader-NoOS-ISM43341_M4G_L44/libraries/STM32F4xx_Peripheral_Libraries.a(stm32f4xx_flash.o)
                0x00000000080019b4                FLASH_ProgramByte
 .text.GPIO_Init
                0x00000000080019ec       0x88 build/waf.bootloader-NoOS-ISM43341_M4G_L44/libraries/STM32F4xx_Peripheral_Libraries.a(stm32f4xx_gpio.o)
                0x00000000080019ec                GPIO_Init
 .text.GPIO_PinAFConfig
                0x0000000008001a74       0x24 build/waf.bootloader-NoOS-ISM43341_M4G_L44/libraries/STM32F4xx_Peripheral_Libraries.a(stm32f4xx_gpio.o)
                0x0000000008001a74                GPIO_PinAFConfig
 .text.IWDG_WriteAccessCmd
                0x0000000008001a98        0xc build/waf.bootloader-NoOS-ISM43341_M4G_L44/libraries/STM32F4xx_Peripheral_Libraries.a(stm32f4xx_iwdg.o)
                0x0000000008001a98                IWDG_WriteAccessCmd
 .text.IWDG_SetPrescaler
                0x0000000008001aa4        0xc build/waf.bootloader-NoOS-ISM43341_M4G_L44/libraries/STM32F4xx_Peripheral_Libraries.a(stm32f4xx_iwdg.o)
                0x0000000008001aa4                IWDG_SetPrescaler
 .text.IWDG_SetReload
                0x0000000008001ab0        0xc build/waf.bootloader-NoOS-ISM43341_M4G_L44/libraries/STM32F4xx_Peripheral_Libraries.a(stm32f4xx_iwdg.o)
                0x0000000008001ab0                IWDG_SetReload
 .text.IWDG_ReloadCounter
                0x0000000008001abc       0x10 build/waf.bootloader-NoOS-ISM43341_M4G_L44/libraries/STM32F4xx_Peripheral_Libraries.a(stm32f4xx_iwdg.o)
                0x0000000008001abc                IWDG_ReloadCounter
 .text.IWDG_Enable
                0x0000000008001acc       0x10 build/waf.bootloader-NoOS-ISM43341_M4G_L44/libraries/STM32F4xx_Peripheral_Libraries.a(stm32f4xx_iwdg.o)
                0x0000000008001acc                IWDG_Enable
 .text.RCC_HSEConfig
                0x0000000008001adc       0x10 build/waf.bootloader-NoOS-ISM43341_M4G_L44/libraries/STM32F4xx_Peripheral_Libraries.a(stm32f4xx_rcc.o)
                0x0000000008001adc                RCC_HSEConfig
 .text.RCC_PLLConfig
                0x0000000008001aec       0x20 build/waf.bootloader-NoOS-ISM43341_M4G_L44/libraries/STM32F4xx_Peripheral_Libraries.a(stm32f4xx_rcc.o)
                0x0000000008001aec                RCC_PLLConfig
 .text.RCC_PLLCmd
                0x0000000008001b0c        0xc build/waf.bootloader-NoOS-ISM43341_M4G_L44/libraries/STM32F4xx_Peripheral_Libraries.a(stm32f4xx_rcc.o)
                0x0000000008001b0c                RCC_PLLCmd
 .text.RCC_SYSCLKConfig
                0x0000000008001b18       0x14 build/waf.bootloader-NoOS-ISM43341_M4G_L44/libraries/STM32F4xx_Peripheral_Libraries.a(stm32f4xx_rcc.o)
                0x0000000008001b18                RCC_SYSCLKConfig
 .text.RCC_GetSYSCLKSource
                0x0000000008001b2c       0x10 build/waf.bootloader-NoOS-ISM43341_M4G_L44/libraries/STM32F4xx_Peripheral_Libraries.a(stm32f4xx_rcc.o)
                0x0000000008001b2c                RCC_GetSYSCLKSource
 .text.RCC_HCLKConfig
                0x0000000008001b3c       0x14 build/waf.bootloader-NoOS-ISM43341_M4G_L44/libraries/STM32F4xx_Peripheral_Libraries.a(stm32f4xx_rcc.o)
                0x0000000008001b3c                RCC_HCLKConfig
 .text.RCC_PCLK1Config
                0x0000000008001b50       0x14 build/waf.bootloader-NoOS-ISM43341_M4G_L44/libraries/STM32F4xx_Peripheral_Libraries.a(stm32f4xx_rcc.o)
                0x0000000008001b50                RCC_PCLK1Config
 .text.RCC_PCLK2Config
                0x0000000008001b64       0x14 build/waf.bootloader-NoOS-ISM43341_M4G_L44/libraries/STM32F4xx_Peripheral_Libraries.a(stm32f4xx_rcc.o)
                0x0000000008001b64                RCC_PCLK2Config
 .text.RCC_GetClocksFreq
                0x0000000008001b78       0x88 build/waf.bootloader-NoOS-ISM43341_M4G_L44/libraries/STM32F4xx_Peripheral_Libraries.a(stm32f4xx_rcc.o)
                0x0000000008001b78                RCC_GetClocksFreq
 .text.RCC_APB1PeriphClockCmd
                0x0000000008001c00       0x18 build/waf.bootloader-NoOS-ISM43341_M4G_L44/libraries/STM32F4xx_Peripheral_Libraries.a(stm32f4xx_rcc.o)
                0x0000000008001c00                RCC_APB1PeriphClockCmd
 .text.RCC_APB2PeriphClockCmd
                0x0000000008001c18       0x18 build/waf.bootloader-NoOS-ISM43341_M4G_L44/libraries/STM32F4xx_Peripheral_Libraries.a(stm32f4xx_rcc.o)
                0x0000000008001c18                RCC_APB2PeriphClockCmd
 .text.RCC_APB1PeriphResetCmd
                0x0000000008001c30       0x18 build/waf.bootloader-NoOS-ISM43341_M4G_L44/libraries/STM32F4xx_Peripheral_Libraries.a(stm32f4xx_rcc.o)
                0x0000000008001c30                RCC_APB1PeriphResetCmd
 .text.RCC_GetFlagStatus
                0x0000000008001c48       0x28 build/waf.bootloader-NoOS-ISM43341_M4G_L44/libraries/STM32F4xx_Peripheral_Libraries.a(stm32f4xx_rcc.o)
                0x0000000008001c48                RCC_GetFlagStatus
 .text.RCC_WaitForHSEStartUp
                0x0000000008001c70       0x30 build/waf.bootloader-NoOS-ISM43341_M4G_L44/libraries/STM32F4xx_Peripheral_Libraries.a(stm32f4xx_rcc.o)
                0x0000000008001c70                RCC_WaitForHSEStartUp
 .text.TIM_TimeBaseInit
                0x0000000008001ca0       0x7c build/waf.bootloader-NoOS-ISM43341_M4G_L44/libraries/STM32F4xx_Peripheral_Libraries.a(stm32f4xx_tim.o)
                0x0000000008001ca0                TIM_TimeBaseInit
 .text.TIM_UpdateRequestConfig
                0x0000000008001d1c       0x18 build/waf.bootloader-NoOS-ISM43341_M4G_L44/libraries/STM32F4xx_Peripheral_Libraries.a(stm32f4xx_tim.o)
                0x0000000008001d1c                TIM_UpdateRequestConfig
 .text.TIM_Cmd  0x0000000008001d34       0x18 build/waf.bootloader-NoOS-ISM43341_M4G_L44/libraries/STM32F4xx_Peripheral_Libraries.a(stm32f4xx_tim.o)
                0x0000000008001d34                TIM_Cmd
 .text.TIM_ITConfig
                0x0000000008001d4c       0x12 build/waf.bootloader-NoOS-ISM43341_M4G_L44/libraries/STM32F4xx_Peripheral_Libraries.a(stm32f4xx_tim.o)
                0x0000000008001d4c                TIM_ITConfig
 .text.TIM_ClearITPendingBit
                0x0000000008001d5e        0x8 build/waf.bootloader-NoOS-ISM43341_M4G_L44/libraries/STM32F4xx_Peripheral_Libraries.a(stm32f4xx_tim.o)
                0x0000000008001d5e                TIM_ClearITPendingBit
 *fill*         0x0000000008001d66        0x2 
 .text.crc32    0x0000000008001d68       0x24 build/waf.bootloader-NoOS-ISM43341_M4G_L44/libraries/Lib_crc.a(crc.o)
                0x0000000008001d68                crc32
 .text.sflash_read_status_register
                0x0000000008001d8c       0x1a build/waf.bootloader-NoOS-ISM43341_M4G_L44/libraries/Lib_SPI_Flash_Library_ISM43341_M4G_L44.a(spi_flash.o)
                0x0000000008001d8c                sflash_read_status_register
 .text.generic_sflash_command
                0x0000000008001da6       0x70 build/waf.bootloader-NoOS-ISM43341_M4G_L44/libraries/Lib_SPI_Flash_Library_ISM43341_M4G_L44.a(spi_flash.o)
 .text.sflash_read_ID
                0x0000000008001e16       0x1a build/waf.bootloader-NoOS-ISM43341_M4G_L44/libraries/Lib_SPI_Flash_Library_ISM43341_M4G_L44.a(spi_flash.o)
                0x0000000008001e16                sflash_read_ID
 .text.sflash_read
                0x0000000008001e30       0x2e build/waf.bootloader-NoOS-ISM43341_M4G_L44/libraries/Lib_SPI_Flash_Library_ISM43341_M4G_L44.a(spi_flash.o)
                0x0000000008001e30                sflash_read
 .text.sflash_write_status_register
                0x0000000008001e5e       0x40 build/waf.bootloader-NoOS-ISM43341_M4G_L44/libraries/Lib_SPI_Flash_Library_ISM43341_M4G_L44.a(spi_flash.o)
                0x0000000008001e5e                sflash_write_status_register
 .text.sflash_write_enable
                0x0000000008001e9e       0x5c build/waf.bootloader-NoOS-ISM43341_M4G_L44/libraries/Lib_SPI_Flash_Library_ISM43341_M4G_L44.a(spi_flash.o)
                0x0000000008001e9e                sflash_write_enable
 .text.deinit_sflash
                0x0000000008001efa        0x4 build/waf.bootloader-NoOS-ISM43341_M4G_L44/libraries/Lib_SPI_Flash_Library_ISM43341_M4G_L44.a(spi_flash.o)
                0x0000000008001efa                deinit_sflash
 .text.init_sflash
                0x0000000008001efe       0x42 build/waf.bootloader-NoOS-ISM43341_M4G_L44/libraries/Lib_SPI_Flash_Library_ISM43341_M4G_L44.a(spi_flash.o)
                0x0000000008001efe                init_sflash
 .text.sflash_platform_init
                0x0000000008001f40       0x1c build/waf.bootloader-NoOS-ISM43341_M4G_L44/libraries/Lib_SPI_Flash_Library_ISM43341_M4G_L44.a(spi_flash_wiced.o)
                0x0000000008001f40                sflash_platform_init
 .text.sflash_platform_send_recv
                0x0000000008001f5c       0x18 build/waf.bootloader-NoOS-ISM43341_M4G_L44/libraries/Lib_SPI_Flash_Library_ISM43341_M4G_L44.a(spi_flash_wiced.o)
                0x0000000008001f5c                sflash_platform_send_recv
 .text.sflash_platform_deinit
                0x0000000008001f74       0x18 build/waf.bootloader-NoOS-ISM43341_M4G_L44/libraries/Lib_SPI_Flash_Library_ISM43341_M4G_L44.a(spi_flash_wiced.o)
                0x0000000008001f74                sflash_platform_deinit
 .text.wiced_spi_init
                0x0000000008001f8c       0x44 build/waf.bootloader-NoOS-ISM43341_M4G_L44/libraries/STM32F4xx.a(wiced_platform_common.o)
                0x0000000008001f8c                wiced_spi_init
 .text.wiced_spi_deinit
                0x0000000008001fd0       0x14 build/waf.bootloader-NoOS-ISM43341_M4G_L44/libraries/STM32F4xx.a(wiced_platform_common.o)
                0x0000000008001fd0                wiced_spi_deinit
 .text.wiced_spi_transfer
                0x0000000008001fe4       0x4c build/waf.bootloader-NoOS-ISM43341_M4G_L44/libraries/STM32F4xx.a(wiced_platform_common.o)
                0x0000000008001fe4                wiced_spi_transfer
 .text.spi_transfer.isra.1
                0x0000000008002030       0x30 build/waf.bootloader-NoOS-ISM43341_M4G_L44/libraries/STM32F4xx_Peripheral_Drivers.a(platform_spi.o)
 .text.platform_spi_get_port_number
                0x0000000008002060       0x28 build/waf.bootloader-NoOS-ISM43341_M4G_L44/libraries/STM32F4xx_Peripheral_Drivers.a(platform_spi.o)
                0x0000000008002060                platform_spi_get_port_number
 .text.platform_spi_init
                0x0000000008002088      0x148 build/waf.bootloader-NoOS-ISM43341_M4G_L44/libraries/STM32F4xx_Peripheral_Drivers.a(platform_spi.o)
                0x0000000008002088                platform_spi_init
 .text.platform_spi_deinit
                0x00000000080021d0        0x4 build/waf.bootloader-NoOS-ISM43341_M4G_L44/libraries/STM32F4xx_Peripheral_Drivers.a(platform_spi.o)
                0x00000000080021d0                platform_spi_deinit
 .text.platform_spi_transfer
                0x00000000080021d4      0x1ac build/waf.bootloader-NoOS-ISM43341_M4G_L44/libraries/STM32F4xx_Peripheral_Drivers.a(platform_spi.o)
                0x00000000080021d4                platform_spi_transfer
 .text.SPI_Init
                0x0000000008002380       0x3e build/waf.bootloader-NoOS-ISM43341_M4G_L44/libraries/STM32F4xx_Peripheral_Libraries.a(stm32f4xx_spi.o)
                0x0000000008002380                SPI_Init
 .text.SPI_Cmd  0x00000000080023be       0x18 build/waf.bootloader-NoOS-ISM43341_M4G_L44/libraries/STM32F4xx_Peripheral_Libraries.a(stm32f4xx_spi.o)
                0x00000000080023be                SPI_Cmd
 .text.SPI_I2S_ReceiveData
                0x00000000080023d6        0x6 build/waf.bootloader-NoOS-ISM43341_M4G_L44/libraries/STM32F4xx_Peripheral_Libraries.a(stm32f4xx_spi.o)
                0x00000000080023d6                SPI_I2S_ReceiveData
 .text.SPI_I2S_SendData
                0x00000000080023dc        0x4 build/waf.bootloader-NoOS-ISM43341_M4G_L44/libraries/STM32F4xx_Peripheral_Libraries.a(stm32f4xx_spi.o)
                0x00000000080023dc                SPI_I2S_SendData
 .text.SPI_CalculateCRC
                0x00000000080023e0       0x18 build/waf.bootloader-NoOS-ISM43341_M4G_L44/libraries/STM32F4xx_Peripheral_Libraries.a(stm32f4xx_spi.o)
                0x00000000080023e0                SPI_CalculateCRC
 .text.SPI_I2S_DMACmd
                0x00000000080023f8       0x12 build/waf.bootloader-NoOS-ISM43341_M4G_L44/libraries/STM32F4xx_Peripheral_Libraries.a(stm32f4xx_spi.o)
                0x00000000080023f8                SPI_I2S_DMACmd
 .text.SPI_I2S_GetFlagStatus
                0x000000000800240a        0xc build/waf.bootloader-NoOS-ISM43341_M4G_L44/libraries/STM32F4xx_Peripheral_Libraries.a(stm32f4xx_spi.o)
                0x000000000800240a                SPI_I2S_GetFlagStatus
 *fill*         0x0000000008002416        0x2 
 .text.memcmp   0x0000000008002418       0x64 /Users/msenel/Documents/WORK/WICED-SDK-3.5.2/tools/ARM_GNU/bin/OSX/../../lib/thumb/v7em/libc.a(lib_a-memcmp.o)
                0x0000000008002418                memcmp
 .text.memcpy   0x000000000800247c      0x120 /Users/msenel/Documents/WORK/WICED-SDK-3.5.2/tools/ARM_GNU/bin/OSX/../../lib/thumb/v7em/libc.a(lib_a-memcpy-stub.o)
                0x000000000800247c                memcpy
 .text.memset   0x000000000800259c       0xa0 /Users/msenel/Documents/WORK/WICED-SDK-3.5.2/tools/ARM_GNU/bin/OSX/../../lib/thumb/v7em/libc.a(lib_a-memset.o)
                0x000000000800259c                memset
                0x000000000800263c                link_code_end = .
                0x000000000800263c                . = ALIGN (0x4)
                0x000000000800263c                link_const_variable_data_location = .
 *(.rodata .rodata.* .gnu.linkonce.r.*)
 .rodata.wiced_spi_flash
                0x000000000800263c       0x10 build/waf.bootloader-NoOS-ISM43341_M4G_L44/libraries/Platform_ISM43341.a(platform.o)
                0x000000000800263c                wiced_spi_flash
 .rodata.platform_gpio_pins
                0x000000000800264c       0xa8 build/waf.bootloader-NoOS-ISM43341_M4G_L44/libraries/Platform_ISM43341.a(platform.o)
                0x000000000800264c                platform_gpio_pins
 .rodata.platform_spi_peripherals
                0x00000000080026f4       0x98 build/waf.bootloader-NoOS-ISM43341_M4G_L44/libraries/Platform_ISM43341.a(platform.o)
                0x00000000080026f4                platform_spi_peripherals
 .rodata.DCT_section_offsets
                0x000000000800278c       0x1c build/waf.bootloader-NoOS-ISM43341_M4G_L44/libraries/STM32F4xx.a(wiced_dct_internal_common.o)
 .rodata.gpio_peripheral_clocks
                0x00000000080027a8       0x20 build/waf.bootloader-NoOS-ISM43341_M4G_L44/libraries/STM32F4xx_Peripheral_Drivers.a(platform_gpio.o)
 .rodata.crc32_table
                0x00000000080027c8      0x400 build/waf.bootloader-NoOS-ISM43341_M4G_L44/libraries/Lib_crc.a(crc.o)
 .rodata.spi_peripheral_clocks
                0x0000000008002bc8        0xc build/waf.bootloader-NoOS-ISM43341_M4G_L44/libraries/STM32F4xx_Peripheral_Drivers.a(platform_spi.o)
 .rodata.spi_baudrate_prescalers
                0x0000000008002bd4       0x20 build/waf.bootloader-NoOS-ISM43341_M4G_L44/libraries/STM32F4xx_Peripheral_Drivers.a(platform_spi.o)
 .rodata.spi_peripheral_clock_functions
                0x0000000008002bf4        0xc build/waf.bootloader-NoOS-ISM43341_M4G_L44/libraries/STM32F4xx_Peripheral_Drivers.a(platform_spi.o)
                0x0000000008002c00                link_const_variable_data_end = .
                0x0000000008002c00                . = ALIGN (0x4)
                0x0000000008002c00                link_constructors_location = .
 *(.preinit_array)
 *(.init_array)
 *crtbegin.o(.ctors)
 *(EXCLUDE_FILE(*crtend.o) .ctors)
 *(SORT(.ctors.*))
 *crtend.o(.ctors)
                0x0000000008002c00                link_constructors_end = .
                0x0000000008002c00                . = ALIGN (0x4)
                0x0000000008002c00                link_destructors_location = .
 *crtbegin.o(.dtors)
 *(EXCLUDE_FILE(*crtend.o) .dtors)
 *(SORT(.dtors.*))
 *crtend.o(.dtors)
                0x0000000008002c00                link_destructors_end = .
                0x0000000008002c00                . = ALIGN (0x10)

.iplt           0x0000000008002c00        0x0
 .iplt          0x0000000000000000        0x0 build/waf.bootloader-NoOS-ISM43341_M4G_L44/Modules/./WICED/platform/MCU/STM32F4xx/../../ARM_CM4/crt0_GCC.o

.rel.dyn        0x0000000008002c00        0x0
 .rel.iplt      0x0000000000000000        0x0 build/waf.bootloader-NoOS-ISM43341_M4G_L44/Modules/./WICED/platform/MCU/STM32F4xx/../../ARM_CM4/crt0_GCC.o

.ARM.exidx      0x0000000008002c00        0x0
                0x0000000008002c00                __exidx_start = ALIGN (0x4)
 *(.ARM.exidx* .gnu.linkonce.armexidx.*)
                0x0000000008002c00                __exidx_end = .

.ARM.extab      0x0000000008002c00        0x0
                0x0000000008002c00                __extab_start = ALIGN (0x4)
 *(.ARM.extab*)
                0x0000000008002c00                __extab_end = .

.fast           0x000000002001e000        0x0 load address 0x0000000008002c00
                0x0000000008002c00                link_run_from_ram_code_flash_location = LOADADDR (.fast)
                0x000000002001e000                link_run_from_ram_code_ram_location = .
 *(.fast .fast.* .text.fastcode)
                0x000000002001e000                link_run_from_ram_code_ram_end = .

.data           0x000000002001e000       0x14 load address 0x0000000008002c00
                0x0000000008002c00                link_global_data_initial_values = LOADADDR (.data)
                0x000000002001e000                link_global_data_start = .
 *(.data*)
 .data.wiced_bt_uart_driver
                0x000000002001e000        0x4 build/waf.bootloader-NoOS-ISM43341_M4G_L44/libraries/Platform_ISM43341.a(platform.o)
                0x000000002001e000                wiced_bt_uart_driver
 .data.APBAHBPrescTable
                0x000000002001e004       0x10 build/waf.bootloader-NoOS-ISM43341_M4G_L44/libraries/STM32F4xx_Peripheral_Libraries.a(stm32f4xx_rcc.o)
                0x000000002001e014                link_global_data_end = .
                0x000000002001e014                . = ALIGN (., 0x4)

.igot.plt       0x000000002001e014        0x0 load address 0x0000000008002c14
 .igot.plt      0x0000000000000000        0x0 build/waf.bootloader-NoOS-ISM43341_M4G_L44/Modules/./WICED/platform/MCU/STM32F4xx/../../ARM_CM4/crt0_GCC.o

.startup_globals
                0x000000002001e014        0x4
                0x000000002001e014                startup_globals_location = ALIGN (., 0x4)
 *(.bss.noos_total_time)
 .bss.noos_total_time
                0x000000002001e014        0x4 build/waf.bootloader-NoOS-ISM43341_M4G_L44/libraries/WWD_NoOS_Interface.a(noos.o)
                0x000000002001e014                noos_total_time
                0x000000002001e018                startup_globals_end = .

.bss.platform_uart_drivers
                0x000000002001e018       0x30
 .bss.platform_uart_drivers
                0x000000002001e018       0x30 build/waf.bootloader-NoOS-ISM43341_M4G_L44/libraries/Platform_ISM43341.a(platform.o)
                0x000000002001e018                platform_uart_drivers

.bss.internal_bt_uart_driver
                0x000000002001e048       0x18
 .bss.internal_bt_uart_driver
                0x000000002001e048       0x18 build/waf.bootloader-NoOS-ISM43341_M4G_L44/libraries/Platform_ISM43341.a(platform.o)

.bss.gpio_irq_data
                0x000000002001e060       0xc0
 .bss.gpio_irq_data
                0x000000002001e060       0xc0 build/waf.bootloader-NoOS-ISM43341_M4G_L44/libraries/STM32F4xx_Peripheral_Drivers.a(platform_gpio.o)

.stack          0x000000002001e120      0xfa0
                0x000000002001e120                link_stack_location = ALIGN (., 0x4)
 *(.stack)
                0x000000002001f0c0                . = ALIGN (MAX ((link_stack_location + __STACKSIZE__), .), 0x4)
 *fill*         0x000000002001e120      0xfa0 
                0x000000002001f0c0                link_stack_end = .

/DISCARD/
 *(COMMON)
 *(.ARM.attributes*)
 *(.comment)
 *(.init)
 *(.preinit)
 *(.fini)
 *(.fini_array)
 *(.ARM.exidx*)
 *(.gnu.linkonce.armexidx.*)
 *(.eh_frame_hdr)
 *(.eh_frame)
 *(.gnu.linkonce.armextab.*)
 *(.v4_bx)
 *(.vfp11_veneer)
 *(.gcc_except_table)
 *(.eh_frame_hdr)
 *(.eh_frame)
 *(.glue*)
                0x000000002001f0c0                PROVIDE (_heap, link_stack_end)
                0x000000002001fff8                PROVIDE (_eheap, ALIGN (((ORIGIN (SRAM) + 0x20000) - 0x8), 0x8))
                0x0000000008004000                PROVIDE (dct1_start_addr_loc, ORIGIN (DCT1_FLASH))
                0x0000000000004000                PROVIDE (dct1_size_loc, 0x4000)
                0x0000000008008000                PROVIDE (dct2_start_addr_loc, ORIGIN (DCT2_FLASH))
                0x0000000000004000                PROVIDE (dct2_size_loc, 0x4000)
                0x000000000800c000                PROVIDE (app_code_start_addr_loc, ORIGIN (APP_CODE))
                0x0000000020000000                PROVIDE (sram_start_addr_loc, ORIGIN (SRAM))
                0x0000000000020000                PROVIDE (sram_size_loc, 0x20000)
                0x000000002001f0c0                PROVIDE (__RAM_segment_used_end__, link_stack_end)
                0x000000002001f0c0                PROVIDE (__tx_free_memory_start, link_stack_end)
                0x0000000008000000                PROVIDE (__tx_vectors, link_interrupt_vectors_location)
                0x0000000008000200                PROVIDE (shared_api_addr_loc, ORIGIN (SHARED_API))
                0x0000000000000000                PROVIDE (link_bss_location, 0x0)
                0x0000000000000000                PROVIDE (link_bss_end, 0x0)
START GROUP
LOAD build/waf.bootloader-NoOS-ISM43341_M4G_L44/Modules/./WICED/platform/MCU/STM32F4xx/../../ARM_CM4/crt0_GCC.o
LOAD build/waf.bootloader-NoOS-ISM43341_M4G_L44/Modules/./WICED/platform/MCU/STM32F4xx/../../ARM_CM4/hardfault_handler.o
LOAD build/waf.bootloader-NoOS-ISM43341_M4G_L44/Modules/./WICED/platform/MCU/STM32F4xx/platform_vector_table.o
LOAD build/waf.bootloader-NoOS-ISM43341_M4G_L44/Modules/WICED/platform/GCC/mem_newlib.o
LOAD build/waf.bootloader-NoOS-ISM43341_M4G_L44/Modules/WICED/platform/GCC/stdio_newlib.o
LOAD build/waf.bootloader-NoOS-ISM43341_M4G_L44/libraries/App_WICED_Bootloader_ISM43341_M4G_L44.a
LOAD build/waf.bootloader-NoOS-ISM43341_M4G_L44/libraries/Platform_ISM43341.a
LOAD build/waf.bootloader-NoOS-ISM43341_M4G_L44/libraries/WICED.a
LOAD build/waf.bootloader-NoOS-ISM43341_M4G_L44/libraries/Lib_Wiced_RO_FS.a
LOAD build/waf.bootloader-NoOS-ISM43341_M4G_L44/libraries/Lib_crc.a
LOAD build/waf.bootloader-NoOS-ISM43341_M4G_L44/libraries/WWD_NoOS_Interface.a
LOAD build/waf.bootloader-NoOS-ISM43341_M4G_L44/libraries/Lib_SPI_Flash_Library_ISM43341_M4G_L44.a
LOAD build/waf.bootloader-NoOS-ISM43341_M4G_L44/libraries/Lib_GPIO_button.a
LOAD build/waf.bootloader-NoOS-ISM43341_M4G_L44/libraries/STM32F4xx.a
LOAD build/waf.bootloader-NoOS-ISM43341_M4G_L44/libraries/common_GCC.a
LOAD build/waf.bootloader-NoOS-ISM43341_M4G_L44/libraries/STM32F4xx_Peripheral_Drivers.a
LOAD build/waf.bootloader-NoOS-ISM43341_M4G_L44/libraries/Lib_Ring_Buffer.a
LOAD build/waf.bootloader-NoOS-ISM43341_M4G_L44/libraries/STM32F4xx_Peripheral_Libraries.a
END GROUP
                0x0000000000000fa0                __STACKSIZE__ = 0xfa0
LOAD /Users/msenel/Documents/WORK/WICED-SDK-3.5.2/tools/ARM_GNU/bin/OSX/../../lib/thumb/v7em/libstdc++.a
LOAD /Users/msenel/Documents/WORK/WICED-SDK-3.5.2/tools/ARM_GNU/bin/OSX/../../lib/thumb/v7em/libm.a
START GROUP
LOAD /Users/msenel/Documents/WORK/WICED-SDK-3.5.2/tools/ARM_GNU/bin/OSX/../../lib/thumb/v7em/libgcc.a
LOAD /Users/msenel/Documents/WORK/WICED-SDK-3.5.2/tools/ARM_GNU/bin/OSX/../../lib/thumb/v7em/libc.a
END GROUP
OUTPUT(build/waf.bootloader-NoOS-ISM43341_M4G_L44/binary/waf.bootloader-NoOS-ISM43341_M4G_L44.elf elf32-littlearm)

.debug_info     0x0000000000000000    0x1eadc
 .debug_info    0x0000000000000000      0x59d build/waf.bootloader-NoOS-ISM43341_M4G_L44/Modules/./WICED/platform/MCU/STM32F4xx/../../ARM_CM4/crt0_GCC.o
 .debug_info    0x000000000000059d       0xc0 build/waf.bootloader-NoOS-ISM43341_M4G_L44/Modules/./WICED/platform/MCU/STM32F4xx/platform_vector_table.o
 .debug_info    0x000000000000065d      0xe93 build/waf.bootloader-NoOS-ISM43341_M4G_L44/libraries/App_WICED_Bootloader_ISM43341_M4G_L44.a(bootloader.o)
 .debug_info    0x00000000000014f0     0x2372 build/waf.bootloader-NoOS-ISM43341_M4G_L44/libraries/Platform_ISM43341.a(platform.o)
 .debug_info    0x0000000000003862      0x6a7 build/waf.bootloader-NoOS-ISM43341_M4G_L44/libraries/WWD_NoOS_Interface.a(wwd_rtos.o)
 .debug_info    0x0000000000003f09      0x795 build/waf.bootloader-NoOS-ISM43341_M4G_L44/libraries/WWD_NoOS_Interface.a(noos.o)
 .debug_info    0x000000000000469e     0x1648 build/waf.bootloader-NoOS-ISM43341_M4G_L44/libraries/STM32F4xx.a(wiced_waf_common.o)
 .debug_info    0x0000000000005ce6     0x2d39 build/waf.bootloader-NoOS-ISM43341_M4G_L44/libraries/STM32F4xx.a(wiced_dct_internal_common.o)
 .debug_info    0x0000000000008a1f      0xd4e build/waf.bootloader-NoOS-ISM43341_M4G_L44/libraries/STM32F4xx.a(platform_init.o)
 .debug_info    0x000000000000976d      0x272 build/waf.bootloader-NoOS-ISM43341_M4G_L44/libraries/STM32F4xx.a(platform_unhandled_isr.o)
 .debug_info    0x00000000000099df     0x1139 build/waf.bootloader-NoOS-ISM43341_M4G_L44/libraries/STM32F4xx.a(waf_platform.o)
 .debug_info    0x000000000000ab18     0x185a build/waf.bootloader-NoOS-ISM43341_M4G_L44/libraries/STM32F4xx.a(wiced_apps_common.o)
 .debug_info    0x000000000000c372     0x129f build/waf.bootloader-NoOS-ISM43341_M4G_L44/libraries/STM32F4xx_Peripheral_Drivers.a(platform_gpio.o)
 .debug_info    0x000000000000d611      0x1fe build/waf.bootloader-NoOS-ISM43341_M4G_L44/libraries/STM32F4xx_Peripheral_Drivers.a(platform_mcu_powersave.o)
 .debug_info    0x000000000000d80f     0x26b8 build/waf.bootloader-NoOS-ISM43341_M4G_L44/libraries/STM32F4xx_Peripheral_Drivers.a(platform_uart.o)
 .debug_info    0x000000000000fec7      0xce4 build/waf.bootloader-NoOS-ISM43341_M4G_L44/libraries/STM32F4xx_Peripheral_Drivers.a(platform_watchdog.o)
 .debug_info    0x0000000000010bab      0xda0 build/waf.bootloader-NoOS-ISM43341_M4G_L44/libraries/Lib_Ring_Buffer.a(ring_buffer.o)
 .debug_info    0x000000000001194b      0x524 build/waf.bootloader-NoOS-ISM43341_M4G_L44/libraries/STM32F4xx_Peripheral_Libraries.a(misc.o)
 .debug_info    0x0000000000011e6f      0x71c build/waf.bootloader-NoOS-ISM43341_M4G_L44/libraries/STM32F4xx_Peripheral_Libraries.a(stm32f4xx_dma.o)
 .debug_info    0x000000000001258b      0xa23 build/waf.bootloader-NoOS-ISM43341_M4G_L44/libraries/STM32F4xx_Peripheral_Libraries.a(stm32f4xx_flash.o)
 .debug_info    0x0000000000012fae      0x71b build/waf.bootloader-NoOS-ISM43341_M4G_L44/libraries/STM32F4xx_Peripheral_Libraries.a(stm32f4xx_gpio.o)
 .debug_info    0x00000000000136c9      0x1e1 build/waf.bootloader-NoOS-ISM43341_M4G_L44/libraries/STM32F4xx_Peripheral_Libraries.a(stm32f4xx_iwdg.o)
 .debug_info    0x00000000000138aa      0xe63 build/waf.bootloader-NoOS-ISM43341_M4G_L44/libraries/STM32F4xx_Peripheral_Libraries.a(stm32f4xx_rcc.o)
 .debug_info    0x000000000001470d     0x204f build/waf.bootloader-NoOS-ISM43341_M4G_L44/libraries/STM32F4xx_Peripheral_Libraries.a(stm32f4xx_tim.o)
 .debug_info    0x000000000001675c      0x1ee build/waf.bootloader-NoOS-ISM43341_M4G_L44/libraries/Lib_crc.a(crc.o)
 .debug_info    0x000000000001694a      0xe3b build/waf.bootloader-NoOS-ISM43341_M4G_L44/libraries/Lib_SPI_Flash_Library_ISM43341_M4G_L44.a(spi_flash.o)
 .debug_info    0x0000000000017785      0xd5a build/waf.bootloader-NoOS-ISM43341_M4G_L44/libraries/Lib_SPI_Flash_Library_ISM43341_M4G_L44.a(spi_flash_wiced.o)
 .debug_info    0x00000000000184df     0x3a3f build/waf.bootloader-NoOS-ISM43341_M4G_L44/libraries/STM32F4xx.a(wiced_platform_common.o)
 .debug_info    0x000000000001bf1e     0x1c6f build/waf.bootloader-NoOS-ISM43341_M4G_L44/libraries/STM32F4xx_Peripheral_Drivers.a(platform_spi.o)
 .debug_info    0x000000000001db8d      0xbf4 build/waf.bootloader-NoOS-ISM43341_M4G_L44/libraries/STM32F4xx_Peripheral_Libraries.a(stm32f4xx_spi.o)
 .debug_info    0x000000000001e781      0x113 /Users/msenel/Documents/WORK/WICED-SDK-3.5.2/tools/ARM_GNU/bin/OSX/../../lib/thumb/v7em/libc.a(lib_a-memcmp.o)
 .debug_info    0x000000000001e894      0x131 /Users/msenel/Documents/WORK/WICED-SDK-3.5.2/tools/ARM_GNU/bin/OSX/../../lib/thumb/v7em/libc.a(lib_a-memcpy-stub.o)
 .debug_info    0x000000000001e9c5      0x117 /Users/msenel/Documents/WORK/WICED-SDK-3.5.2/tools/ARM_GNU/bin/OSX/../../lib/thumb/v7em/libc.a(lib_a-memset.o)

.debug_abbrev   0x0000000000000000     0x3f07
 .debug_abbrev  0x0000000000000000      0x195 build/waf.bootloader-NoOS-ISM43341_M4G_L44/Modules/./WICED/platform/MCU/STM32F4xx/../../ARM_CM4/crt0_GCC.o
 .debug_abbrev  0x0000000000000195       0x86 build/waf.bootloader-NoOS-ISM43341_M4G_L44/Modules/./WICED/platform/MCU/STM32F4xx/platform_vector_table.o
 .debug_abbrev  0x000000000000021b      0x1f6 build/waf.bootloader-NoOS-ISM43341_M4G_L44/libraries/App_WICED_Bootloader_ISM43341_M4G_L44.a(bootloader.o)
 .debug_abbrev  0x0000000000000411      0x29b build/waf.bootloader-NoOS-ISM43341_M4G_L44/libraries/Platform_ISM43341.a(platform.o)
 .debug_abbrev  0x00000000000006ac      0x139 build/waf.bootloader-NoOS-ISM43341_M4G_L44/libraries/WWD_NoOS_Interface.a(wwd_rtos.o)
 .debug_abbrev  0x00000000000007e5      0x18c build/waf.bootloader-NoOS-ISM43341_M4G_L44/libraries/WWD_NoOS_Interface.a(noos.o)
 .debug_abbrev  0x0000000000000971      0x315 build/waf.bootloader-NoOS-ISM43341_M4G_L44/libraries/STM32F4xx.a(wiced_waf_common.o)
 .debug_abbrev  0x0000000000000c86      0x3a5 build/waf.bootloader-NoOS-ISM43341_M4G_L44/libraries/STM32F4xx.a(wiced_dct_internal_common.o)
 .debug_abbrev  0x000000000000102b      0x277 build/waf.bootloader-NoOS-ISM43341_M4G_L44/libraries/STM32F4xx.a(platform_init.o)
 .debug_abbrev  0x00000000000012a2       0xe3 build/waf.bootloader-NoOS-ISM43341_M4G_L44/libraries/STM32F4xx.a(platform_unhandled_isr.o)
 .debug_abbrev  0x0000000000001385      0x2d5 build/waf.bootloader-NoOS-ISM43341_M4G_L44/libraries/STM32F4xx.a(waf_platform.o)
 .debug_abbrev  0x000000000000165a      0x2fa build/waf.bootloader-NoOS-ISM43341_M4G_L44/libraries/STM32F4xx.a(wiced_apps_common.o)
 .debug_abbrev  0x0000000000001954      0x304 build/waf.bootloader-NoOS-ISM43341_M4G_L44/libraries/STM32F4xx_Peripheral_Drivers.a(platform_gpio.o)
 .debug_abbrev  0x0000000000001c58      0x112 build/waf.bootloader-NoOS-ISM43341_M4G_L44/libraries/STM32F4xx_Peripheral_Drivers.a(platform_mcu_powersave.o)
 .debug_abbrev  0x0000000000001d6a      0x369 build/waf.bootloader-NoOS-ISM43341_M4G_L44/libraries/STM32F4xx_Peripheral_Drivers.a(platform_uart.o)
 .debug_abbrev  0x00000000000020d3      0x258 build/waf.bootloader-NoOS-ISM43341_M4G_L44/libraries/STM32F4xx_Peripheral_Drivers.a(platform_watchdog.o)
 .debug_abbrev  0x000000000000232b      0x128 build/waf.bootloader-NoOS-ISM43341_M4G_L44/libraries/Lib_Ring_Buffer.a(ring_buffer.o)
 .debug_abbrev  0x0000000000002453      0x156 build/waf.bootloader-NoOS-ISM43341_M4G_L44/libraries/STM32F4xx_Peripheral_Libraries.a(misc.o)
 .debug_abbrev  0x00000000000025a9      0x175 build/waf.bootloader-NoOS-ISM43341_M4G_L44/libraries/STM32F4xx_Peripheral_Libraries.a(stm32f4xx_dma.o)
 .debug_abbrev  0x000000000000271e      0x1cc build/waf.bootloader-NoOS-ISM43341_M4G_L44/libraries/STM32F4xx_Peripheral_Libraries.a(stm32f4xx_flash.o)
 .debug_abbrev  0x00000000000028ea      0x1e8 build/waf.bootloader-NoOS-ISM43341_M4G_L44/libraries/STM32F4xx_Peripheral_Libraries.a(stm32f4xx_gpio.o)
 .debug_abbrev  0x0000000000002ad2      0x112 build/waf.bootloader-NoOS-ISM43341_M4G_L44/libraries/STM32F4xx_Peripheral_Libraries.a(stm32f4xx_iwdg.o)
 .debug_abbrev  0x0000000000002be4      0x1e2 build/waf.bootloader-NoOS-ISM43341_M4G_L44/libraries/STM32F4xx_Peripheral_Libraries.a(stm32f4xx_rcc.o)
 .debug_abbrev  0x0000000000002dc6      0x2af build/waf.bootloader-NoOS-ISM43341_M4G_L44/libraries/STM32F4xx_Peripheral_Libraries.a(stm32f4xx_tim.o)
 .debug_abbrev  0x0000000000003075       0xa2 build/waf.bootloader-NoOS-ISM43341_M4G_L44/libraries/Lib_crc.a(crc.o)
 .debug_abbrev  0x0000000000003117      0x2c3 build/waf.bootloader-NoOS-ISM43341_M4G_L44/libraries/Lib_SPI_Flash_Library_ISM43341_M4G_L44.a(spi_flash.o)
 .debug_abbrev  0x00000000000033da      0x146 build/waf.bootloader-NoOS-ISM43341_M4G_L44/libraries/Lib_SPI_Flash_Library_ISM43341_M4G_L44.a(spi_flash_wiced.o)
 .debug_abbrev  0x0000000000003520      0x308 build/waf.bootloader-NoOS-ISM43341_M4G_L44/libraries/STM32F4xx.a(wiced_platform_common.o)
 .debug_abbrev  0x0000000000003828      0x32f build/waf.bootloader-NoOS-ISM43341_M4G_L44/libraries/STM32F4xx_Peripheral_Drivers.a(platform_spi.o)
 .debug_abbrev  0x0000000000003b57      0x1e7 build/waf.bootloader-NoOS-ISM43341_M4G_L44/libraries/STM32F4xx_Peripheral_Libraries.a(stm32f4xx_spi.o)
 .debug_abbrev  0x0000000000003d3e       0x7f /Users/msenel/Documents/WORK/WICED-SDK-3.5.2/tools/ARM_GNU/bin/OSX/../../lib/thumb/v7em/libc.a(lib_a-memcmp.o)
 .debug_abbrev  0x0000000000003dbd       0xab /Users/msenel/Documents/WORK/WICED-SDK-3.5.2/tools/ARM_GNU/bin/OSX/../../lib/thumb/v7em/libc.a(lib_a-memcpy-stub.o)
 .debug_abbrev  0x0000000000003e68       0x9f /Users/msenel/Documents/WORK/WICED-SDK-3.5.2/tools/ARM_GNU/bin/OSX/../../lib/thumb/v7em/libc.a(lib_a-memset.o)

.debug_loc      0x0000000000000000     0x9826
 .debug_loc     0x0000000000000000       0x1f build/waf.bootloader-NoOS-ISM43341_M4G_L44/Modules/./WICED/platform/MCU/STM32F4xx/../../ARM_CM4/crt0_GCC.o
 .debug_loc     0x000000000000001f       0x8d build/waf.bootloader-NoOS-ISM43341_M4G_L44/libraries/App_WICED_Bootloader_ISM43341_M4G_L44.a(bootloader.o)
 .debug_loc     0x00000000000000ac       0xa3 build/waf.bootloader-NoOS-ISM43341_M4G_L44/libraries/Platform_ISM43341.a(platform.o)
 .debug_loc     0x000000000000014f      0x18c build/waf.bootloader-NoOS-ISM43341_M4G_L44/libraries/WWD_NoOS_Interface.a(wwd_rtos.o)
 .debug_loc     0x00000000000002db      0x528 build/waf.bootloader-NoOS-ISM43341_M4G_L44/libraries/STM32F4xx.a(wiced_waf_common.o)
 .debug_loc     0x0000000000000803     0x1257 build/waf.bootloader-NoOS-ISM43341_M4G_L44/libraries/STM32F4xx.a(wiced_dct_internal_common.o)
 .debug_loc     0x0000000000001a5a       0x32 build/waf.bootloader-NoOS-ISM43341_M4G_L44/libraries/STM32F4xx.a(platform_init.o)
 .debug_loc     0x0000000000001a8c      0x36c build/waf.bootloader-NoOS-ISM43341_M4G_L44/libraries/STM32F4xx.a(waf_platform.o)
 .debug_loc     0x0000000000001df8      0x6ee build/waf.bootloader-NoOS-ISM43341_M4G_L44/libraries/STM32F4xx.a(wiced_apps_common.o)
 .debug_loc     0x00000000000024e6      0x672 build/waf.bootloader-NoOS-ISM43341_M4G_L44/libraries/STM32F4xx_Peripheral_Drivers.a(platform_gpio.o)
 .debug_loc     0x0000000000002b58       0x21 build/waf.bootloader-NoOS-ISM43341_M4G_L44/libraries/STM32F4xx_Peripheral_Drivers.a(platform_mcu_powersave.o)
 .debug_loc     0x0000000000002b79      0x6d7 build/waf.bootloader-NoOS-ISM43341_M4G_L44/libraries/STM32F4xx_Peripheral_Drivers.a(platform_uart.o)
 .debug_loc     0x0000000000003250       0x15 build/waf.bootloader-NoOS-ISM43341_M4G_L44/libraries/STM32F4xx_Peripheral_Drivers.a(platform_watchdog.o)
 .debug_loc     0x0000000000003265      0x2a8 build/waf.bootloader-NoOS-ISM43341_M4G_L44/libraries/Lib_Ring_Buffer.a(ring_buffer.o)
 .debug_loc     0x000000000000350d      0x154 build/waf.bootloader-NoOS-ISM43341_M4G_L44/libraries/STM32F4xx_Peripheral_Libraries.a(misc.o)
 .debug_loc     0x0000000000003661      0x481 build/waf.bootloader-NoOS-ISM43341_M4G_L44/libraries/STM32F4xx_Peripheral_Libraries.a(stm32f4xx_dma.o)
 .debug_loc     0x0000000000003ae2      0x807 build/waf.bootloader-NoOS-ISM43341_M4G_L44/libraries/STM32F4xx_Peripheral_Libraries.a(stm32f4xx_flash.o)
 .debug_loc     0x00000000000042e9      0x37f build/waf.bootloader-NoOS-ISM43341_M4G_L44/libraries/STM32F4xx_Peripheral_Libraries.a(stm32f4xx_gpio.o)
 .debug_loc     0x0000000000004668       0x62 build/waf.bootloader-NoOS-ISM43341_M4G_L44/libraries/STM32F4xx_Peripheral_Libraries.a(stm32f4xx_iwdg.o)
 .debug_loc     0x00000000000046ca      0xbb1 build/waf.bootloader-NoOS-ISM43341_M4G_L44/libraries/STM32F4xx_Peripheral_Libraries.a(stm32f4xx_rcc.o)
 .debug_loc     0x000000000000527b     0x1bea build/waf.bootloader-NoOS-ISM43341_M4G_L44/libraries/STM32F4xx_Peripheral_Libraries.a(stm32f4xx_tim.o)
 .debug_loc     0x0000000000006e65      0x178 build/waf.bootloader-NoOS-ISM43341_M4G_L44/libraries/Lib_crc.a(crc.o)
 .debug_loc     0x0000000000006fdd      0x764 build/waf.bootloader-NoOS-ISM43341_M4G_L44/libraries/Lib_SPI_Flash_Library_ISM43341_M4G_L44.a(spi_flash.o)
 .debug_loc     0x0000000000007741       0xb0 build/waf.bootloader-NoOS-ISM43341_M4G_L44/libraries/Lib_SPI_Flash_Library_ISM43341_M4G_L44.a(spi_flash_wiced.o)
 .debug_loc     0x00000000000077f1      0xe71 build/waf.bootloader-NoOS-ISM43341_M4G_L44/libraries/STM32F4xx.a(wiced_platform_common.o)
 .debug_loc     0x0000000000008662      0x4de build/waf.bootloader-NoOS-ISM43341_M4G_L44/libraries/STM32F4xx_Peripheral_Drivers.a(platform_spi.o)
 .debug_loc     0x0000000000008b40      0x691 build/waf.bootloader-NoOS-ISM43341_M4G_L44/libraries/STM32F4xx_Peripheral_Libraries.a(stm32f4xx_spi.o)
 .debug_loc     0x00000000000091d1      0x14e /Users/msenel/Documents/WORK/WICED-SDK-3.5.2/tools/ARM_GNU/bin/OSX/../../lib/thumb/v7em/libc.a(lib_a-memcmp.o)
 .debug_loc     0x000000000000931f      0x300 /Users/msenel/Documents/WORK/WICED-SDK-3.5.2/tools/ARM_GNU/bin/OSX/../../lib/thumb/v7em/libc.a(lib_a-memcpy-stub.o)
 .debug_loc     0x000000000000961f      0x207 /Users/msenel/Documents/WORK/WICED-SDK-3.5.2/tools/ARM_GNU/bin/OSX/../../lib/thumb/v7em/libc.a(lib_a-memset.o)

.debug_aranges  0x0000000000000000     0x1128
 .debug_aranges
                0x0000000000000000       0x28 build/waf.bootloader-NoOS-ISM43341_M4G_L44/Modules/./WICED/platform/MCU/STM32F4xx/../../ARM_CM4/crt0_GCC.o
 .debug_aranges
                0x0000000000000028       0x18 build/waf.bootloader-NoOS-ISM43341_M4G_L44/Modules/./WICED/platform/MCU/STM32F4xx/platform_vector_table.o
 .debug_aranges
                0x0000000000000040       0x20 build/waf.bootloader-NoOS-ISM43341_M4G_L44/libraries/App_WICED_Bootloader_ISM43341_M4G_L44.a(bootloader.o)
 .debug_aranges
                0x0000000000000060       0x60 build/waf.bootloader-NoOS-ISM43341_M4G_L44/libraries/Platform_ISM43341.a(platform.o)
 .debug_aranges
                0x00000000000000c0       0x68 build/waf.bootloader-NoOS-ISM43341_M4G_L44/libraries/WWD_NoOS_Interface.a(wwd_rtos.o)
 .debug_aranges
                0x0000000000000128       0x38 build/waf.bootloader-NoOS-ISM43341_M4G_L44/libraries/WWD_NoOS_Interface.a(noos.o)
 .debug_aranges
                0x0000000000000160       0x80 build/waf.bootloader-NoOS-ISM43341_M4G_L44/libraries/STM32F4xx.a(wiced_waf_common.o)
 .debug_aranges
                0x00000000000001e0       0x80 build/waf.bootloader-NoOS-ISM43341_M4G_L44/libraries/STM32F4xx.a(wiced_dct_internal_common.o)
 .debug_aranges
                0x0000000000000260       0x48 build/waf.bootloader-NoOS-ISM43341_M4G_L44/libraries/STM32F4xx.a(platform_init.o)
 .debug_aranges
                0x00000000000002a8       0x20 build/waf.bootloader-NoOS-ISM43341_M4G_L44/libraries/STM32F4xx.a(platform_unhandled_isr.o)
 .debug_aranges
                0x00000000000002c8       0x40 build/waf.bootloader-NoOS-ISM43341_M4G_L44/libraries/STM32F4xx.a(waf_platform.o)
 .debug_aranges
                0x0000000000000308       0x50 build/waf.bootloader-NoOS-ISM43341_M4G_L44/libraries/STM32F4xx.a(wiced_apps_common.o)
 .debug_aranges
                0x0000000000000358       0x70 build/waf.bootloader-NoOS-ISM43341_M4G_L44/libraries/STM32F4xx_Peripheral_Drivers.a(platform_gpio.o)
 .debug_aranges
                0x00000000000003c8       0x48 build/waf.bootloader-NoOS-ISM43341_M4G_L44/libraries/STM32F4xx_Peripheral_Drivers.a(platform_mcu_powersave.o)
 .debug_aranges
                0x0000000000000410       0x70 build/waf.bootloader-NoOS-ISM43341_M4G_L44/libraries/STM32F4xx_Peripheral_Drivers.a(platform_uart.o)
 .debug_aranges
                0x0000000000000480       0x38 build/waf.bootloader-NoOS-ISM43341_M4G_L44/libraries/STM32F4xx_Peripheral_Drivers.a(platform_watchdog.o)
 .debug_aranges
                0x00000000000004b8       0x58 build/waf.bootloader-NoOS-ISM43341_M4G_L44/libraries/Lib_Ring_Buffer.a(ring_buffer.o)
 .debug_aranges
                0x0000000000000510       0x40 build/waf.bootloader-NoOS-ISM43341_M4G_L44/libraries/STM32F4xx_Peripheral_Libraries.a(misc.o)
 .debug_aranges
                0x0000000000000550       0xb0 build/waf.bootloader-NoOS-ISM43341_M4G_L44/libraries/STM32F4xx_Peripheral_Libraries.a(stm32f4xx_dma.o)
 .debug_aranges
                0x0000000000000600      0x158 build/waf.bootloader-NoOS-ISM43341_M4G_L44/libraries/STM32F4xx_Peripheral_Libraries.a(stm32f4xx_flash.o)
 .debug_aranges
                0x0000000000000758       0x88 build/waf.bootloader-NoOS-ISM43341_M4G_L44/libraries/STM32F4xx_Peripheral_Libraries.a(stm32f4xx_gpio.o)
 .debug_aranges
                0x00000000000007e0       0x48 build/waf.bootloader-NoOS-ISM43341_M4G_L44/libraries/STM32F4xx_Peripheral_Libraries.a(stm32f4xx_iwdg.o)
 .debug_aranges
                0x0000000000000828      0x1c0 build/waf.bootloader-NoOS-ISM43341_M4G_L44/libraries/STM32F4xx_Peripheral_Libraries.a(stm32f4xx_rcc.o)
 .debug_aranges
                0x00000000000009e8      0x2e8 build/waf.bootloader-NoOS-ISM43341_M4G_L44/libraries/STM32F4xx_Peripheral_Libraries.a(stm32f4xx_tim.o)
 .debug_aranges
                0x0000000000000cd0       0x30 build/waf.bootloader-NoOS-ISM43341_M4G_L44/libraries/Lib_crc.a(crc.o)
 .debug_aranges
                0x0000000000000d00       0xa0 build/waf.bootloader-NoOS-ISM43341_M4G_L44/libraries/Lib_SPI_Flash_Library_ISM43341_M4G_L44.a(spi_flash.o)
 .debug_aranges
                0x0000000000000da0       0x30 build/waf.bootloader-NoOS-ISM43341_M4G_L44/libraries/Lib_SPI_Flash_Library_ISM43341_M4G_L44.a(spi_flash_wiced.o)
 .debug_aranges
                0x0000000000000dd0      0x1d8 build/waf.bootloader-NoOS-ISM43341_M4G_L44/libraries/STM32F4xx.a(wiced_platform_common.o)
 .debug_aranges
                0x0000000000000fa8       0x40 build/waf.bootloader-NoOS-ISM43341_M4G_L44/libraries/STM32F4xx_Peripheral_Drivers.a(platform_spi.o)
 .debug_aranges
                0x0000000000000fe8       0xe0 build/waf.bootloader-NoOS-ISM43341_M4G_L44/libraries/STM32F4xx_Peripheral_Libraries.a(stm32f4xx_spi.o)
 .debug_aranges
                0x00000000000010c8       0x20 /Users/msenel/Documents/WORK/WICED-SDK-3.5.2/tools/ARM_GNU/bin/OSX/../../lib/thumb/v7em/libc.a(lib_a-memcmp.o)
 .debug_aranges
                0x00000000000010e8       0x20 /Users/msenel/Documents/WORK/WICED-SDK-3.5.2/tools/ARM_GNU/bin/OSX/../../lib/thumb/v7em/libc.a(lib_a-memcpy-stub.o)
 .debug_aranges
                0x0000000000001108       0x20 /Users/msenel/Documents/WORK/WICED-SDK-3.5.2/tools/ARM_GNU/bin/OSX/../../lib/thumb/v7em/libc.a(lib_a-memset.o)

.debug_ranges   0x0000000000000000     0x1140
 .debug_ranges  0x0000000000000000       0x18 build/waf.bootloader-NoOS-ISM43341_M4G_L44/Modules/./WICED/platform/MCU/STM32F4xx/../../ARM_CM4/crt0_GCC.o
 .debug_ranges  0x0000000000000018       0x10 build/waf.bootloader-NoOS-ISM43341_M4G_L44/libraries/App_WICED_Bootloader_ISM43341_M4G_L44.a(bootloader.o)
 .debug_ranges  0x0000000000000028       0x50 build/waf.bootloader-NoOS-ISM43341_M4G_L44/libraries/Platform_ISM43341.a(platform.o)
 .debug_ranges  0x0000000000000078       0x58 build/waf.bootloader-NoOS-ISM43341_M4G_L44/libraries/WWD_NoOS_Interface.a(wwd_rtos.o)
 .debug_ranges  0x00000000000000d0       0x28 build/waf.bootloader-NoOS-ISM43341_M4G_L44/libraries/WWD_NoOS_Interface.a(noos.o)
 .debug_ranges  0x00000000000000f8       0xd8 build/waf.bootloader-NoOS-ISM43341_M4G_L44/libraries/STM32F4xx.a(wiced_waf_common.o)
 .debug_ranges  0x00000000000001d0       0xa8 build/waf.bootloader-NoOS-ISM43341_M4G_L44/libraries/STM32F4xx.a(wiced_dct_internal_common.o)
 .debug_ranges  0x0000000000000278       0x50 build/waf.bootloader-NoOS-ISM43341_M4G_L44/libraries/STM32F4xx.a(platform_init.o)
 .debug_ranges  0x00000000000002c8       0x10 build/waf.bootloader-NoOS-ISM43341_M4G_L44/libraries/STM32F4xx.a(platform_unhandled_isr.o)
 .debug_ranges  0x00000000000002d8       0x30 build/waf.bootloader-NoOS-ISM43341_M4G_L44/libraries/STM32F4xx.a(waf_platform.o)
 .debug_ranges  0x0000000000000308       0x70 build/waf.bootloader-NoOS-ISM43341_M4G_L44/libraries/STM32F4xx.a(wiced_apps_common.o)
 .debug_ranges  0x0000000000000378       0x78 build/waf.bootloader-NoOS-ISM43341_M4G_L44/libraries/STM32F4xx_Peripheral_Drivers.a(platform_gpio.o)
 .debug_ranges  0x00000000000003f0       0x38 build/waf.bootloader-NoOS-ISM43341_M4G_L44/libraries/STM32F4xx_Peripheral_Drivers.a(platform_mcu_powersave.o)
 .debug_ranges  0x0000000000000428       0xe0 build/waf.bootloader-NoOS-ISM43341_M4G_L44/libraries/STM32F4xx_Peripheral_Drivers.a(platform_uart.o)
 .debug_ranges  0x0000000000000508       0x40 build/waf.bootloader-NoOS-ISM43341_M4G_L44/libraries/STM32F4xx_Peripheral_Drivers.a(platform_watchdog.o)
 .debug_ranges  0x0000000000000548       0x48 build/waf.bootloader-NoOS-ISM43341_M4G_L44/libraries/Lib_Ring_Buffer.a(ring_buffer.o)
 .debug_ranges  0x0000000000000590       0x30 build/waf.bootloader-NoOS-ISM43341_M4G_L44/libraries/STM32F4xx_Peripheral_Libraries.a(misc.o)
 .debug_ranges  0x00000000000005c0       0xa0 build/waf.bootloader-NoOS-ISM43341_M4G_L44/libraries/STM32F4xx_Peripheral_Libraries.a(stm32f4xx_dma.o)
 .debug_ranges  0x0000000000000660      0x148 build/waf.bootloader-NoOS-ISM43341_M4G_L44/libraries/STM32F4xx_Peripheral_Libraries.a(stm32f4xx_flash.o)
 .debug_ranges  0x00000000000007a8       0x78 build/waf.bootloader-NoOS-ISM43341_M4G_L44/libraries/STM32F4xx_Peripheral_Libraries.a(stm32f4xx_gpio.o)
 .debug_ranges  0x0000000000000820       0x38 build/waf.bootloader-NoOS-ISM43341_M4G_L44/libraries/STM32F4xx_Peripheral_Libraries.a(stm32f4xx_iwdg.o)
 .debug_ranges  0x0000000000000858      0x1b0 build/waf.bootloader-NoOS-ISM43341_M4G_L44/libraries/STM32F4xx_Peripheral_Libraries.a(stm32f4xx_rcc.o)
 .debug_ranges  0x0000000000000a08      0x308 build/waf.bootloader-NoOS-ISM43341_M4G_L44/libraries/STM32F4xx_Peripheral_Libraries.a(stm32f4xx_tim.o)
 .debug_ranges  0x0000000000000d10       0x20 build/waf.bootloader-NoOS-ISM43341_M4G_L44/libraries/Lib_crc.a(crc.o)
 .debug_ranges  0x0000000000000d30       0x90 build/waf.bootloader-NoOS-ISM43341_M4G_L44/libraries/Lib_SPI_Flash_Library_ISM43341_M4G_L44.a(spi_flash.o)
 .debug_ranges  0x0000000000000dc0       0x20 build/waf.bootloader-NoOS-ISM43341_M4G_L44/libraries/Lib_SPI_Flash_Library_ISM43341_M4G_L44.a(spi_flash_wiced.o)
 .debug_ranges  0x0000000000000de0      0x1c8 build/waf.bootloader-NoOS-ISM43341_M4G_L44/libraries/STM32F4xx.a(wiced_platform_common.o)
 .debug_ranges  0x0000000000000fa8       0x98 build/waf.bootloader-NoOS-ISM43341_M4G_L44/libraries/STM32F4xx_Peripheral_Drivers.a(platform_spi.o)
 .debug_ranges  0x0000000000001040       0xd0 build/waf.bootloader-NoOS-ISM43341_M4G_L44/libraries/STM32F4xx_Peripheral_Libraries.a(stm32f4xx_spi.o)
 .debug_ranges  0x0000000000001110       0x10 /Users/msenel/Documents/WORK/WICED-SDK-3.5.2/tools/ARM_GNU/bin/OSX/../../lib/thumb/v7em/libc.a(lib_a-memcmp.o)
 .debug_ranges  0x0000000000001120       0x10 /Users/msenel/Documents/WORK/WICED-SDK-3.5.2/tools/ARM_GNU/bin/OSX/../../lib/thumb/v7em/libc.a(lib_a-memcpy-stub.o)
 .debug_ranges  0x0000000000001130       0x10 /Users/msenel/Documents/WORK/WICED-SDK-3.5.2/tools/ARM_GNU/bin/OSX/../../lib/thumb/v7em/libc.a(lib_a-memset.o)

.debug_line     0x0000000000000000     0x639a
 .debug_line    0x0000000000000000      0x1c9 build/waf.bootloader-NoOS-ISM43341_M4G_L44/Modules/./WICED/platform/MCU/STM32F4xx/../../ARM_CM4/crt0_GCC.o
 .debug_line    0x00000000000001c9       0xca build/waf.bootloader-NoOS-ISM43341_M4G_L44/Modules/./WICED/platform/MCU/STM32F4xx/platform_vector_table.o
 .debug_line    0x0000000000000293      0x18c build/waf.bootloader-NoOS-ISM43341_M4G_L44/libraries/App_WICED_Bootloader_ISM43341_M4G_L44.a(bootloader.o)
 .debug_line    0x000000000000041f      0x3a6 build/waf.bootloader-NoOS-ISM43341_M4G_L44/libraries/Platform_ISM43341.a(platform.o)
 .debug_line    0x00000000000007c5      0x194 build/waf.bootloader-NoOS-ISM43341_M4G_L44/libraries/WWD_NoOS_Interface.a(wwd_rtos.o)
 .debug_line    0x0000000000000959      0x178 build/waf.bootloader-NoOS-ISM43341_M4G_L44/libraries/WWD_NoOS_Interface.a(noos.o)
 .debug_line    0x0000000000000ad1      0x338 build/waf.bootloader-NoOS-ISM43341_M4G_L44/libraries/STM32F4xx.a(wiced_waf_common.o)
 .debug_line    0x0000000000000e09      0x523 build/waf.bootloader-NoOS-ISM43341_M4G_L44/libraries/STM32F4xx.a(wiced_dct_internal_common.o)
 .debug_line    0x000000000000132c      0x34d build/waf.bootloader-NoOS-ISM43341_M4G_L44/libraries/STM32F4xx.a(platform_init.o)
 .debug_line    0x0000000000001679      0x127 build/waf.bootloader-NoOS-ISM43341_M4G_L44/libraries/STM32F4xx.a(platform_unhandled_isr.o)
 .debug_line    0x00000000000017a0      0x2f9 build/waf.bootloader-NoOS-ISM43341_M4G_L44/libraries/STM32F4xx.a(waf_platform.o)
 .debug_line    0x0000000000001a99      0x306 build/waf.bootloader-NoOS-ISM43341_M4G_L44/libraries/STM32F4xx.a(wiced_apps_common.o)
 .debug_line    0x0000000000001d9f      0x45e build/waf.bootloader-NoOS-ISM43341_M4G_L44/libraries/STM32F4xx_Peripheral_Drivers.a(platform_gpio.o)
 .debug_line    0x00000000000021fd      0x190 build/waf.bootloader-NoOS-ISM43341_M4G_L44/libraries/STM32F4xx_Peripheral_Drivers.a(platform_mcu_powersave.o)
 .debug_line    0x000000000000238d      0x5bf build/waf.bootloader-NoOS-ISM43341_M4G_L44/libraries/STM32F4xx_Peripheral_Drivers.a(platform_uart.o)
 .debug_line    0x000000000000294c      0x294 build/waf.bootloader-NoOS-ISM43341_M4G_L44/libraries/STM32F4xx_Peripheral_Drivers.a(platform_watchdog.o)
 .debug_line    0x0000000000002be0      0x162 build/waf.bootloader-NoOS-ISM43341_M4G_L44/libraries/Lib_Ring_Buffer.a(ring_buffer.o)
 .debug_line    0x0000000000002d42      0x1cd build/waf.bootloader-NoOS-ISM43341_M4G_L44/libraries/STM32F4xx_Peripheral_Libraries.a(misc.o)
 .debug_line    0x0000000000002f0f      0x35c build/waf.bootloader-NoOS-ISM43341_M4G_L44/libraries/STM32F4xx_Peripheral_Libraries.a(stm32f4xx_dma.o)
 .debug_line    0x000000000000326b      0x4e5 build/waf.bootloader-NoOS-ISM43341_M4G_L44/libraries/STM32F4xx_Peripheral_Libraries.a(stm32f4xx_flash.o)
 .debug_line    0x0000000000003750      0x2d8 build/waf.bootloader-NoOS-ISM43341_M4G_L44/libraries/STM32F4xx_Peripheral_Libraries.a(stm32f4xx_gpio.o)
 .debug_line    0x0000000000003a28      0x18c build/waf.bootloader-NoOS-ISM43341_M4G_L44/libraries/STM32F4xx_Peripheral_Libraries.a(stm32f4xx_iwdg.o)
 .debug_line    0x0000000000003bb4      0x5ba build/waf.bootloader-NoOS-ISM43341_M4G_L44/libraries/STM32F4xx_Peripheral_Libraries.a(stm32f4xx_rcc.o)
 .debug_line    0x000000000000416e      0xa67 build/waf.bootloader-NoOS-ISM43341_M4G_L44/libraries/STM32F4xx_Peripheral_Libraries.a(stm32f4xx_tim.o)
 .debug_line    0x0000000000004bd5       0xb2 build/waf.bootloader-NoOS-ISM43341_M4G_L44/libraries/Lib_crc.a(crc.o)
 .debug_line    0x0000000000004c87      0x2ce build/waf.bootloader-NoOS-ISM43341_M4G_L44/libraries/Lib_SPI_Flash_Library_ISM43341_M4G_L44.a(spi_flash.o)
 .debug_line    0x0000000000004f55      0x1c4 build/waf.bootloader-NoOS-ISM43341_M4G_L44/libraries/Lib_SPI_Flash_Library_ISM43341_M4G_L44.a(spi_flash_wiced.o)
 .debug_line    0x0000000000005119      0x716 build/waf.bootloader-NoOS-ISM43341_M4G_L44/libraries/STM32F4xx.a(wiced_platform_common.o)
 .debug_line    0x000000000000582f      0x3ad build/waf.bootloader-NoOS-ISM43341_M4G_L44/libraries/STM32F4xx_Peripheral_Drivers.a(platform_spi.o)
 .debug_line    0x0000000000005bdc      0x417 build/waf.bootloader-NoOS-ISM43341_M4G_L44/libraries/STM32F4xx_Peripheral_Libraries.a(stm32f4xx_spi.o)
 .debug_line    0x0000000000005ff3      0x126 /Users/msenel/Documents/WORK/WICED-SDK-3.5.2/tools/ARM_GNU/bin/OSX/../../lib/thumb/v7em/libc.a(lib_a-memcmp.o)
 .debug_line    0x0000000000006119      0x151 /Users/msenel/Documents/WORK/WICED-SDK-3.5.2/tools/ARM_GNU/bin/OSX/../../lib/thumb/v7em/libc.a(lib_a-memcpy-stub.o)
 .debug_line    0x000000000000626a      0x130 /Users/msenel/Documents/WORK/WICED-SDK-3.5.2/tools/ARM_GNU/bin/OSX/../../lib/thumb/v7em/libc.a(lib_a-memset.o)

.debug_str      0x0000000000000000     0xbfd2
 .debug_str     0x0000000000000000      0x46c build/waf.bootloader-NoOS-ISM43341_M4G_L44/Modules/./WICED/platform/MCU/STM32F4xx/../../ARM_CM4/crt0_GCC.o
                                        0x4bb (size before relaxing)
 .debug_str     0x000000000000046c       0x5b build/waf.bootloader-NoOS-ISM43341_M4G_L44/Modules/./WICED/platform/MCU/STM32F4xx/platform_vector_table.o
                                        0x1c3 (size before relaxing)
 .debug_str     0x00000000000004c7     0x2ae2 build/waf.bootloader-NoOS-ISM43341_M4G_L44/libraries/App_WICED_Bootloader_ISM43341_M4G_L44.a(bootloader.o)
                                       0x2bf0 (size before relaxing)
 .debug_str     0x0000000000002fa9     0x1bde build/waf.bootloader-NoOS-ISM43341_M4G_L44/libraries/Platform_ISM43341.a(platform.o)
                                       0x2603 (size before relaxing)
 .debug_str     0x0000000000004b87      0x18a build/waf.bootloader-NoOS-ISM43341_M4G_L44/libraries/WWD_NoOS_Interface.a(wwd_rtos.o)
                                        0xc57 (size before relaxing)
 .debug_str     0x0000000000004d11       0x73 build/waf.bootloader-NoOS-ISM43341_M4G_L44/libraries/WWD_NoOS_Interface.a(noos.o)
                                        0x876 (size before relaxing)
 .debug_str     0x0000000000004d84      0x409 build/waf.bootloader-NoOS-ISM43341_M4G_L44/libraries/STM32F4xx.a(wiced_waf_common.o)
                                       0x2ff5 (size before relaxing)
 .debug_str     0x000000000000518d     0x218d build/waf.bootloader-NoOS-ISM43341_M4G_L44/libraries/STM32F4xx.a(wiced_dct_internal_common.o)
                                       0x51ef (size before relaxing)
 .debug_str     0x000000000000731a      0x1b8 build/waf.bootloader-NoOS-ISM43341_M4G_L44/libraries/STM32F4xx.a(platform_init.o)
                                       0x14f9 (size before relaxing)
 .debug_str     0x00000000000074d2       0x61 build/waf.bootloader-NoOS-ISM43341_M4G_L44/libraries/STM32F4xx.a(platform_unhandled_isr.o)
                                        0x247 (size before relaxing)
 .debug_str     0x0000000000007533      0x1b5 build/waf.bootloader-NoOS-ISM43341_M4G_L44/libraries/STM32F4xx.a(waf_platform.o)
                                       0x2e23 (size before relaxing)
 .debug_str     0x00000000000076e8      0x388 build/waf.bootloader-NoOS-ISM43341_M4G_L44/libraries/STM32F4xx.a(wiced_apps_common.o)
                                       0x2de6 (size before relaxing)
 .debug_str     0x0000000000007a70      0x593 build/waf.bootloader-NoOS-ISM43341_M4G_L44/libraries/STM32F4xx_Peripheral_Drivers.a(platform_gpio.o)
                                       0x11f7 (size before relaxing)
 .debug_str     0x0000000000008003       0xcb build/waf.bootloader-NoOS-ISM43341_M4G_L44/libraries/STM32F4xx_Peripheral_Drivers.a(platform_mcu_powersave.o)
                                        0x462 (size before relaxing)
 .debug_str     0x00000000000080ce      0x41d build/waf.bootloader-NoOS-ISM43341_M4G_L44/libraries/STM32F4xx_Peripheral_Drivers.a(platform_uart.o)
                                       0x4458 (size before relaxing)
 .debug_str     0x00000000000084eb      0x214 build/waf.bootloader-NoOS-ISM43341_M4G_L44/libraries/STM32F4xx_Peripheral_Drivers.a(platform_watchdog.o)
                                        0xcf7 (size before relaxing)
 .debug_str     0x00000000000086ff      0x106 build/waf.bootloader-NoOS-ISM43341_M4G_L44/libraries/Lib_Ring_Buffer.a(ring_buffer.o)
                                       0x29fa (size before relaxing)
 .debug_str     0x0000000000008805      0x15a build/waf.bootloader-NoOS-ISM43341_M4G_L44/libraries/STM32F4xx_Peripheral_Libraries.a(misc.o)
                                        0x3e5 (size before relaxing)
 .debug_str     0x000000000000895f      0x23a build/waf.bootloader-NoOS-ISM43341_M4G_L44/libraries/STM32F4xx_Peripheral_Libraries.a(stm32f4xx_dma.o)
                                        0x558 (size before relaxing)
 .debug_str     0x0000000000008b99      0x3b5 build/waf.bootloader-NoOS-ISM43341_M4G_L44/libraries/STM32F4xx_Peripheral_Libraries.a(stm32f4xx_flash.o)
                                        0x6a0 (size before relaxing)
 .debug_str     0x0000000000008f4e      0x19d build/waf.bootloader-NoOS-ISM43341_M4G_L44/libraries/STM32F4xx_Peripheral_Libraries.a(stm32f4xx_gpio.o)
                                        0x4d3 (size before relaxing)
 .debug_str     0x00000000000090eb       0x92 build/waf.bootloader-NoOS-ISM43341_M4G_L44/libraries/STM32F4xx_Peripheral_Libraries.a(stm32f4xx_iwdg.o)
                                        0x278 (size before relaxing)
 .debug_str     0x000000000000917d      0x5b6 build/waf.bootloader-NoOS-ISM43341_M4G_L44/libraries/STM32F4xx_Peripheral_Libraries.a(stm32f4xx_rcc.o)
                                        0x9ce (size before relaxing)
 .debug_str     0x0000000000009733      0xa30 build/waf.bootloader-NoOS-ISM43341_M4G_L44/libraries/STM32F4xx_Peripheral_Libraries.a(stm32f4xx_tim.o)
                                        0xe0a (size before relaxing)
 .debug_str     0x000000000000a163       0x5e build/waf.bootloader-NoOS-ISM43341_M4G_L44/libraries/Lib_crc.a(crc.o)
                                        0x1bf (size before relaxing)
 .debug_str     0x000000000000a1c1      0x5c8 build/waf.bootloader-NoOS-ISM43341_M4G_L44/libraries/Lib_SPI_Flash_Library_ISM43341_M4G_L44.a(spi_flash.o)
                                        0x978 (size before relaxing)
 .debug_str     0x000000000000a789       0xc1 build/waf.bootloader-NoOS-ISM43341_M4G_L44/libraries/Lib_SPI_Flash_Library_ISM43341_M4G_L44.a(spi_flash_wiced.o)
                                       0x2bc0 (size before relaxing)
 .debug_str     0x000000000000a84a     0x104e build/waf.bootloader-NoOS-ISM43341_M4G_L44/libraries/STM32F4xx.a(wiced_platform_common.o)
                                       0x4f0b (size before relaxing)
 .debug_str     0x000000000000b898      0x259 build/waf.bootloader-NoOS-ISM43341_M4G_L44/libraries/STM32F4xx_Peripheral_Drivers.a(platform_spi.o)
                                       0x38dc (size before relaxing)
 .debug_str     0x000000000000baf1      0x28f build/waf.bootloader-NoOS-ISM43341_M4G_L44/libraries/STM32F4xx_Peripheral_Libraries.a(stm32f4xx_spi.o)
                                        0x6e9 (size before relaxing)
 .debug_str     0x000000000000bd80      0x134 /Users/msenel/Documents/WORK/WICED-SDK-3.5.2/tools/ARM_GNU/bin/OSX/../../lib/thumb/v7em/libc.a(lib_a-memcmp.o)
                                        0x1d4 (size before relaxing)
 .debug_str     0x000000000000beb4       0xd3 /Users/msenel/Documents/WORK/WICED-SDK-3.5.2/tools/ARM_GNU/bin/OSX/../../lib/thumb/v7em/libc.a(lib_a-memcpy-stub.o)
                                        0x20d (size before relaxing)
 .debug_str     0x000000000000bf87       0x4b /Users/msenel/Documents/WORK/WICED-SDK-3.5.2/tools/ARM_GNU/bin/OSX/../../lib/thumb/v7em/libc.a(lib_a-memset.o)
                                        0x1e8 (size before relaxing)

.debug_frame    0x0000000000000000     0x275c
 .debug_frame   0x0000000000000000       0x34 build/waf.bootloader-NoOS-ISM43341_M4G_L44/Modules/./WICED/platform/MCU/STM32F4xx/../../ARM_CM4/crt0_GCC.o
 .debug_frame   0x0000000000000034       0x2c build/waf.bootloader-NoOS-ISM43341_M4G_L44/libraries/App_WICED_Bootloader_ISM43341_M4G_L44.a(bootloader.o)
 .debug_frame   0x0000000000000060      0x124 build/waf.bootloader-NoOS-ISM43341_M4G_L44/libraries/Platform_ISM43341.a(platform.o)
 .debug_frame   0x0000000000000184       0xb8 build/waf.bootloader-NoOS-ISM43341_M4G_L44/libraries/WWD_NoOS_Interface.a(wwd_rtos.o)
 .debug_frame   0x000000000000023c       0x60 build/waf.bootloader-NoOS-ISM43341_M4G_L44/libraries/WWD_NoOS_Interface.a(noos.o)
 .debug_frame   0x000000000000029c      0x150 build/waf.bootloader-NoOS-ISM43341_M4G_L44/libraries/STM32F4xx.a(wiced_waf_common.o)
 .debug_frame   0x00000000000003ec      0x19c build/waf.bootloader-NoOS-ISM43341_M4G_L44/libraries/STM32F4xx.a(wiced_dct_internal_common.o)
 .debug_frame   0x0000000000000588       0x88 build/waf.bootloader-NoOS-ISM43341_M4G_L44/libraries/STM32F4xx.a(platform_init.o)
 .debug_frame   0x0000000000000610       0x2c build/waf.bootloader-NoOS-ISM43341_M4G_L44/libraries/STM32F4xx.a(platform_unhandled_isr.o)
 .debug_frame   0x000000000000063c       0x98 build/waf.bootloader-NoOS-ISM43341_M4G_L44/libraries/STM32F4xx.a(waf_platform.o)
 .debug_frame   0x00000000000006d4      0x118 build/waf.bootloader-NoOS-ISM43341_M4G_L44/libraries/STM32F4xx.a(wiced_apps_common.o)
 .debug_frame   0x00000000000007ec      0x150 build/waf.bootloader-NoOS-ISM43341_M4G_L44/libraries/STM32F4xx_Peripheral_Drivers.a(platform_gpio.o)
 .debug_frame   0x000000000000093c       0x70 build/waf.bootloader-NoOS-ISM43341_M4G_L44/libraries/STM32F4xx_Peripheral_Drivers.a(platform_mcu_powersave.o)
 .debug_frame   0x00000000000009ac      0x15c build/waf.bootloader-NoOS-ISM43341_M4G_L44/libraries/STM32F4xx_Peripheral_Drivers.a(platform_uart.o)
 .debug_frame   0x0000000000000b08       0x74 build/waf.bootloader-NoOS-ISM43341_M4G_L44/libraries/STM32F4xx_Peripheral_Drivers.a(platform_watchdog.o)
 .debug_frame   0x0000000000000b7c       0xbc build/waf.bootloader-NoOS-ISM43341_M4G_L44/libraries/Lib_Ring_Buffer.a(ring_buffer.o)
 .debug_frame   0x0000000000000c38       0x60 build/waf.bootloader-NoOS-ISM43341_M4G_L44/libraries/STM32F4xx_Peripheral_Libraries.a(misc.o)
 .debug_frame   0x0000000000000c98      0x168 build/waf.bootloader-NoOS-ISM43341_M4G_L44/libraries/STM32F4xx_Peripheral_Libraries.a(stm32f4xx_dma.o)
 .debug_frame   0x0000000000000e00      0x338 build/waf.bootloader-NoOS-ISM43341_M4G_L44/libraries/STM32F4xx_Peripheral_Libraries.a(stm32f4xx_flash.o)
 .debug_frame   0x0000000000001138      0x124 build/waf.bootloader-NoOS-ISM43341_M4G_L44/libraries/STM32F4xx_Peripheral_Libraries.a(stm32f4xx_gpio.o)
 .debug_frame   0x000000000000125c       0x70 build/waf.bootloader-NoOS-ISM43341_M4G_L44/libraries/STM32F4xx_Peripheral_Libraries.a(stm32f4xx_iwdg.o)
 .debug_frame   0x00000000000012cc      0x378 build/waf.bootloader-NoOS-ISM43341_M4G_L44/libraries/STM32F4xx_Peripheral_Libraries.a(stm32f4xx_rcc.o)
 .debug_frame   0x0000000000001644      0x6c0 build/waf.bootloader-NoOS-ISM43341_M4G_L44/libraries/STM32F4xx_Peripheral_Libraries.a(stm32f4xx_tim.o)
 .debug_frame   0x0000000000001d04       0x58 build/waf.bootloader-NoOS-ISM43341_M4G_L44/libraries/Lib_crc.a(crc.o)
 .debug_frame   0x0000000000001d5c      0x1dc build/waf.bootloader-NoOS-ISM43341_M4G_L44/libraries/Lib_SPI_Flash_Library_ISM43341_M4G_L44.a(spi_flash.o)
 .debug_frame   0x0000000000001f38       0x58 build/waf.bootloader-NoOS-ISM43341_M4G_L44/libraries/Lib_SPI_Flash_Library_ISM43341_M4G_L44.a(spi_flash_wiced.o)
 .debug_frame   0x0000000000001f90      0x4a8 build/waf.bootloader-NoOS-ISM43341_M4G_L44/libraries/STM32F4xx.a(wiced_platform_common.o)
 .debug_frame   0x0000000000002438       0xa4 build/waf.bootloader-NoOS-ISM43341_M4G_L44/libraries/STM32F4xx_Peripheral_Drivers.a(platform_spi.o)
 .debug_frame   0x00000000000024dc      0x1e4 build/waf.bootloader-NoOS-ISM43341_M4G_L44/libraries/STM32F4xx_Peripheral_Libraries.a(stm32f4xx_spi.o)
 .debug_frame   0x00000000000026c0       0x38 /Users/msenel/Documents/WORK/WICED-SDK-3.5.2/tools/ARM_GNU/bin/OSX/../../lib/thumb/v7em/libc.a(lib_a-memcmp.o)
 .debug_frame   0x00000000000026f8       0x30 /Users/msenel/Documents/WORK/WICED-SDK-3.5.2/tools/ARM_GNU/bin/OSX/../../lib/thumb/v7em/libc.a(lib_a-memcpy-stub.o)
 .debug_frame   0x0000000000002728       0x34 /Users/msenel/Documents/WORK/WICED-SDK-3.5.2/tools/ARM_GNU/bin/OSX/../../lib/thumb/v7em/libc.a(lib_a-memset.o)

Cross Reference Table

Symbol                                            File
ADC_AnalogWatchdogCmd                             build/waf.bootloader-NoOS-ISM43341_M4G_L44/libraries/STM32F4xx_Peripheral_Libraries.a(stm32f4xx_adc.o)
ADC_AnalogWatchdogSingleChannelConfig             build/waf.bootloader-NoOS-ISM43341_M4G_L44/libraries/STM32F4xx_Peripheral_Libraries.a(stm32f4xx_adc.o)
ADC_AnalogWatchdogThresholdsConfig                build/waf.bootloader-NoOS-ISM43341_M4G_L44/libraries/STM32F4xx_Peripheral_Libraries.a(stm32f4xx_adc.o)
ADC_AutoInjectedConvCmd                           build/waf.bootloader-NoOS-ISM43341_M4G_L44/libraries/STM32F4xx_Peripheral_Libraries.a(stm32f4xx_adc.o)
ADC_ClearFlag                                     build/waf.bootloader-NoOS-ISM43341_M4G_L44/libraries/STM32F4xx_Peripheral_Libraries.a(stm32f4xx_adc.o)
ADC_ClearITPendingBit                             build/waf.bootloader-NoOS-ISM43341_M4G_L44/libraries/STM32F4xx_Peripheral_Libraries.a(stm32f4xx_adc.o)
ADC_Cmd                                           build/waf.bootloader-NoOS-ISM43341_M4G_L44/libraries/STM32F4xx_Peripheral_Libraries.a(stm32f4xx_adc.o)
                                                  build/waf.bootloader-NoOS-ISM43341_M4G_L44/libraries/STM32F4xx_Peripheral_Drivers.a(platform_adc.o)
ADC_CommonInit                                    build/waf.bootloader-NoOS-ISM43341_M4G_L44/libraries/STM32F4xx_Peripheral_Libraries.a(stm32f4xx_adc.o)
                                                  build/waf.bootloader-NoOS-ISM43341_M4G_L44/libraries/STM32F4xx_Peripheral_Drivers.a(platform_adc.o)
ADC_CommonStructInit                              build/waf.bootloader-NoOS-ISM43341_M4G_L44/libraries/STM32F4xx_Peripheral_Libraries.a(stm32f4xx_adc.o)
                                                  build/waf.bootloader-NoOS-ISM43341_M4G_L44/libraries/STM32F4xx_Peripheral_Drivers.a(platform_adc.o)
ADC_ContinuousModeCmd                             build/waf.bootloader-NoOS-ISM43341_M4G_L44/libraries/STM32F4xx_Peripheral_Libraries.a(stm32f4xx_adc.o)
ADC_DMACmd                                        build/waf.bootloader-NoOS-ISM43341_M4G_L44/libraries/STM32F4xx_Peripheral_Libraries.a(stm32f4xx_adc.o)
ADC_DMARequestAfterLastTransferCmd                build/waf.bootloader-NoOS-ISM43341_M4G_L44/libraries/STM32F4xx_Peripheral_Libraries.a(stm32f4xx_adc.o)
ADC_DeInit                                        build/waf.bootloader-NoOS-ISM43341_M4G_L44/libraries/STM32F4xx_Peripheral_Libraries.a(stm32f4xx_adc.o)
ADC_DiscModeChannelCountConfig                    build/waf.bootloader-NoOS-ISM43341_M4G_L44/libraries/STM32F4xx_Peripheral_Libraries.a(stm32f4xx_adc.o)
ADC_DiscModeCmd                                   build/waf.bootloader-NoOS-ISM43341_M4G_L44/libraries/STM32F4xx_Peripheral_Libraries.a(stm32f4xx_adc.o)
ADC_EOCOnEachRegularChannelCmd                    build/waf.bootloader-NoOS-ISM43341_M4G_L44/libraries/STM32F4xx_Peripheral_Libraries.a(stm32f4xx_adc.o)
ADC_ExternalTrigInjectedConvConfig                build/waf.bootloader-NoOS-ISM43341_M4G_L44/libraries/STM32F4xx_Peripheral_Libraries.a(stm32f4xx_adc.o)
ADC_ExternalTrigInjectedConvEdgeConfig            build/waf.bootloader-NoOS-ISM43341_M4G_L44/libraries/STM32F4xx_Peripheral_Libraries.a(stm32f4xx_adc.o)
ADC_GetConversionValue                            build/waf.bootloader-NoOS-ISM43341_M4G_L44/libraries/STM32F4xx_Peripheral_Libraries.a(stm32f4xx_adc.o)
                                                  build/waf.bootloader-NoOS-ISM43341_M4G_L44/libraries/STM32F4xx_Peripheral_Drivers.a(platform_adc.o)
ADC_GetFlagStatus                                 build/waf.bootloader-NoOS-ISM43341_M4G_L44/libraries/STM32F4xx_Peripheral_Libraries.a(stm32f4xx_adc.o)
                                                  build/waf.bootloader-NoOS-ISM43341_M4G_L44/libraries/STM32F4xx_Peripheral_Drivers.a(platform_adc.o)
ADC_GetITStatus                                   build/waf.bootloader-NoOS-ISM43341_M4G_L44/libraries/STM32F4xx_Peripheral_Libraries.a(stm32f4xx_adc.o)
ADC_GetInjectedConversionValue                    build/waf.bootloader-NoOS-ISM43341_M4G_L44/libraries/STM32F4xx_Peripheral_Libraries.a(stm32f4xx_adc.o)
ADC_GetMultiModeConversionValue                   build/waf.bootloader-NoOS-ISM43341_M4G_L44/libraries/STM32F4xx_Peripheral_Libraries.a(stm32f4xx_adc.o)
ADC_GetSoftwareStartConvStatus                    build/waf.bootloader-NoOS-ISM43341_M4G_L44/libraries/STM32F4xx_Peripheral_Libraries.a(stm32f4xx_adc.o)
ADC_GetSoftwareStartInjectedConvCmdStatus         build/waf.bootloader-NoOS-ISM43341_M4G_L44/libraries/STM32F4xx_Peripheral_Libraries.a(stm32f4xx_adc.o)
ADC_ITConfig                                      build/waf.bootloader-NoOS-ISM43341_M4G_L44/libraries/STM32F4xx_Peripheral_Libraries.a(stm32f4xx_adc.o)
ADC_Init                                          build/waf.bootloader-NoOS-ISM43341_M4G_L44/libraries/STM32F4xx_Peripheral_Libraries.a(stm32f4xx_adc.o)
                                                  build/waf.bootloader-NoOS-ISM43341_M4G_L44/libraries/STM32F4xx_Peripheral_Drivers.a(platform_adc.o)
ADC_InjectedChannelConfig                         build/waf.bootloader-NoOS-ISM43341_M4G_L44/libraries/STM32F4xx_Peripheral_Libraries.a(stm32f4xx_adc.o)
ADC_InjectedDiscModeCmd                           build/waf.bootloader-NoOS-ISM43341_M4G_L44/libraries/STM32F4xx_Peripheral_Libraries.a(stm32f4xx_adc.o)
ADC_InjectedSequencerLengthConfig                 build/waf.bootloader-NoOS-ISM43341_M4G_L44/libraries/STM32F4xx_Peripheral_Libraries.a(stm32f4xx_adc.o)