
Discarded input sections

 .text          0x0000000000000000        0x0 build/demo.bt_smartbridge-ISM43341_M4G_L44/internal_dct.o
 .data          0x0000000000000000        0x0 build/demo.bt_smartbridge-ISM43341_M4G_L44/internal_dct.o
 .bss           0x0000000000000000        0x0 build/demo.bt_smartbridge-ISM43341_M4G_L44/internal_dct.o
 .text          0x0000000000000000        0x0 build/demo.bt_smartbridge-ISM43341_M4G_L44/app_dct.o
 .data          0x0000000000000000        0x0 build/demo.bt_smartbridge-ISM43341_M4G_L44/app_dct.o
 .bss           0x0000000000000000        0x0 build/demo.bt_smartbridge-ISM43341_M4G_L44/app_dct.o

Memory Configuration

Name             Origin             Length             Attributes
DCT1_FLASH       0x0000000008004000 0x0000000000004000 xr
DCT2_FLASH       0x0000000008008000 0x0000000000004000 xr
APP_FLASH        0x000000000800c000 0x00000000000f4000 xr
SRAM             0x0000000020000000 0x0000000000020000 xrw
CCM_SRAM         0x0000000010000000 0x0000000000010000 xrw
*default*        0x0000000000000000 0xffffffffffffffff

Linker script and memory map

                0x0000000000000320                __STACKSIZE__ = 0x320

.glue_7         0x0000000008004000        0x0
 .glue_7        0x0000000000000000        0x0 linker stubs

.glue_7t        0x0000000008004000        0x0
 .glue_7t       0x0000000000000000        0x0 linker stubs

.vfp11_veneer   0x0000000008004000        0x0
 .vfp11_veneer  0x0000000000000000        0x0 linker stubs

.v4_bx          0x0000000008004000        0x0
 .v4_bx         0x0000000000000000        0x0 linker stubs

.iplt           0x0000000008004000        0x0
 .iplt          0x0000000000000000        0x0 build/demo.bt_smartbridge-ISM43341_M4G_L44/internal_dct.o

.igot.plt       0x0000000020000000        0x0
 .igot.plt      0x0000000000000000        0x0 build/demo.bt_smartbridge-ISM43341_M4G_L44/internal_dct.o

.rodata         0x0000000008004000     0x1efc
                0x0000000008004000                dct_location = .
 *(.rodata.initial_dct)
 .rodata.initial_dct
                0x0000000008004000     0x1db0 build/demo.bt_smartbridge-ISM43341_M4G_L44/internal_dct.o
 *(.rodata.wiced_apps_lut)
 *(.rodata.wiced_apps_lut_fill)
 *(.rodata._app_dct)
 .rodata._app_dct
                0x0000000008005db0      0x14c build/demo.bt_smartbridge-ISM43341_M4G_L44/app_dct.o
                0x0000000008005db0                _app_dct
                0x0000000008005efc                dct_end = .
                0x0000000000004000                PROVIDE (dct_full_size_loc, 0x4000)
                0x0000000000001efc                PROVIDE (dct_used_size_loc, (dct_end - ORIGIN (DCT1_FLASH)))
LOAD build/demo.bt_smartbridge-ISM43341_M4G_L44/internal_dct.o
LOAD build/demo.bt_smartbridge-ISM43341_M4G_L44/app_dct.o
LOAD /Users/msenel/Documents/WORK/WICED-SDK-3.5.2/tools/ARM_GNU/bin/OSX/../../lib/thumb/v7em/libstdc++.a
LOAD /Users/msenel/Documents/WORK/WICED-SDK-3.5.2/tools/ARM_GNU/bin/OSX/../../lib/thumb/v7em/libm.a
START GROUP
LOAD /Users/msenel/Documents/WORK/WICED-SDK-3.5.2/tools/ARM_GNU/bin/OSX/../../lib/thumb/v7em/libgcc.a
LOAD /Users/msenel/Documents/WORK/WICED-SDK-3.5.2/tools/ARM_GNU/bin/OSX/../../lib/thumb/v7em/libc.a
END GROUP
OUTPUT(build/demo.bt_smartbridge-ISM43341_M4G_L44/DCT.elf elf32-littlearm)

.rel.dyn        0x0000000008005efc        0x0
 .rel.iplt      0x0000000000000000        0x0 build/demo.bt_smartbridge-ISM43341_M4G_L44/internal_dct.o

.debug_info     0x0000000000000000     0x11f2
 .debug_info    0x0000000000000000      0xfef build/demo.bt_smartbridge-ISM43341_M4G_L44/internal_dct.o
 .debug_info    0x0000000000000fef      0x203 build/demo.bt_smartbridge-ISM43341_M4G_L44/app_dct.o

.debug_abbrev   0x0000000000000000      0x236
 .debug_abbrev  0x0000000000000000      0x139 build/demo.bt_smartbridge-ISM43341_M4G_L44/internal_dct.o
 .debug_abbrev  0x0000000000000139       0xfd build/demo.bt_smartbridge-ISM43341_M4G_L44/app_dct.o

.debug_aranges  0x0000000000000000       0x30
 .debug_aranges
                0x0000000000000000       0x18 build/demo.bt_smartbridge-ISM43341_M4G_L44/internal_dct.o
 .debug_aranges
                0x0000000000000018       0x18 build/demo.bt_smartbridge-ISM43341_M4G_L44/app_dct.o

.debug_line     0x0000000000000000      0x289
 .debug_line    0x0000000000000000       0xf2 build/demo.bt_smartbridge-ISM43341_M4G_L44/internal_dct.o
 .debug_line    0x00000000000000f2      0x197 build/demo.bt_smartbridge-ISM43341_M4G_L44/app_dct.o

.debug_str      0x0000000000000000     0x2277
 .debug_str     0x0000000000000000     0x2141 build/demo.bt_smartbridge-ISM43341_M4G_L44/internal_dct.o
                                       0x21b1 (size before relaxing)
 .debug_str     0x0000000000002141      0x136 build/demo.bt_smartbridge-ISM43341_M4G_L44/app_dct.o
                                        0x30a (size before relaxing)

.comment        0x0000000000000000       0x11
 .comment       0x0000000000000000       0x11 build/demo.bt_smartbridge-ISM43341_M4G_L44/internal_dct.o
                                         0x12 (size before relaxing)
 .comment       0x0000000000000000       0x12 build/demo.bt_smartbridge-ISM43341_M4G_L44/app_dct.o

.ARM.attributes
                0x0000000000000000       0x33
 .ARM.attributes
                0x0000000000000000       0x33 build/demo.bt_smartbridge-ISM43341_M4G_L44/internal_dct.o
 .ARM.attributes
                0x0000000000000033       0x33 build/demo.bt_smartbridge-ISM43341_M4G_L44/app_dct.o

Cross Reference Table

Symbol                                            File
_app_dct                                          build/demo.bt_smartbridge-ISM43341_M4G_L44/app_dct.o
dct_full_size_loc                                 build/demo.bt_smartbridge-ISM43341_M4G_L44/internal_dct.o
dct_used_size_loc                                 build/demo.bt_smartbridge-ISM43341_M4G_L44/internal_dct.o
